Timestamp,LogMessage
1707555623.0967977,"Feb 04 19:47:04 arsenal-vmwarevirtualplatform kernel: Linux version 6.6.8-2-MANJARO (builduser@fv-az913-981) (gcc (GCC) 13.2.1 20230801, GNU ld (GNU Binutils) 2.41.0) #1 SMP PREEMPT_DYNAMIC Thu Dec 21 16:21:45 UTC 2023"
1707555623.0984876,Feb 04 19:47:04 arsenal-vmwarevirtualplatform kernel: BIOS-e820: [mem 0x00000000bff00000-0x00000000bfffffff] usable
1707555623.0998218,Feb 04 19:47:04 arsenal-vmwarevirtualplatform kernel: BIOS-e820: [mem 0x00000000fee00000-0x00000000fee00fff] reserved
1707555623.1010988,"Feb 04 19:47:04 arsenal-vmwarevirtualplatform kernel: DMI: VMware, Inc. VMware Virtual Platform/440BX Desktop Reference Platform, BIOS 6.00 11/12/2020"
1707555623.1023214,Feb 04 19:47:04 arsenal-vmwarevirtualplatform kernel: vmware: using clock offset of 8913786900 ns
1707555623.1035814,Feb 04 19:47:04 arsenal-vmwarevirtualplatform kernel: Found optimal setting for mtrr clean up
1707555623.1048648,Feb 04 19:47:04 arsenal-vmwarevirtualplatform kernel: Using GB pages for direct mapping
1707555623.1060138,Feb 04 19:47:04 arsenal-vmwarevirtualplatform kernel: ACPI: FACS 0x00000000BFEFFFC0 000040
1707555623.1070712,Feb 04 19:47:04 arsenal-vmwarevirtualplatform kernel: ACPI: WAET 0x00000000BFEDB6CF 000028 (v01 VMWARE VMW WAET 06040000 VMW  00000001)
1707555623.1082172,Feb 04 19:47:04 arsenal-vmwarevirtualplatform kernel: ACPI: Reserving APIC table memory at [mem 0xbfedc872-0xbfedcfb3]
1707555623.109307,Feb 04 19:47:04 arsenal-vmwarevirtualplatform kernel: SRAT: PXM 0 -> APIC 0x02 -> Node 0
1707555623.1103036,Feb 04 19:47:04 arsenal-vmwarevirtualplatform kernel: SRAT: PXM 0 -> APIC 0x10 -> Node 0
1707555623.1113913,Feb 04 19:47:04 arsenal-vmwarevirtualplatform kernel: SRAT: PXM 0 -> APIC 0x1a -> Node 0
1707555623.1124413,Feb 04 19:47:04 arsenal-vmwarevirtualplatform kernel: SRAT: PXM 0 -> APIC 0x26 -> Node 0
1707555623.11356,Feb 04 19:47:04 arsenal-vmwarevirtualplatform kernel: SRAT: PXM 0 -> APIC 0x36 -> Node 0
1707555623.1146836,Feb 04 19:47:04 arsenal-vmwarevirtualplatform kernel: SRAT: PXM 0 -> APIC 0x42 -> Node 0
1707555623.116002,Feb 04 19:47:04 arsenal-vmwarevirtualplatform kernel: SRAT: PXM 0 -> APIC 0x52 -> Node 0
1707555623.117286,Feb 04 19:47:04 arsenal-vmwarevirtualplatform kernel: SRAT: PXM 0 -> APIC 0x60 -> Node 0
1707555623.1209276,Feb 04 19:47:04 arsenal-vmwarevirtualplatform kernel: SRAT: PXM 0 -> APIC 0x72 -> Node 0
1707555623.1225977,Feb 04 19:47:04 arsenal-vmwarevirtualplatform kernel: SRAT: PXM 0 -> APIC 0x7e -> Node 0
1707555623.1249564,Feb 04 19:47:04 arsenal-vmwarevirtualplatform kernel: SRAT: PXM 0 -> APIC 0x90 -> Node 0
1707555623.1261683,Feb 04 19:47:04 arsenal-vmwarevirtualplatform kernel: SRAT: PXM 0 -> APIC 0xa0 -> Node 0
1707555623.1274745,Feb 04 19:47:04 arsenal-vmwarevirtualplatform kernel: SRAT: PXM 0 -> APIC 0xb0 -> Node 0
1707555623.1287656,Feb 04 19:47:04 arsenal-vmwarevirtualplatform kernel: SRAT: PXM 0 -> APIC 0xbe -> Node 0
1707555623.1314726,Feb 04 19:47:04 arsenal-vmwarevirtualplatform kernel: SRAT: PXM 0 -> APIC 0xd0 -> Node 0
1707555623.1327446,Feb 04 19:47:04 arsenal-vmwarevirtualplatform kernel: SRAT: PXM 0 -> APIC 0xe2 -> Node 0
1707555623.1341054,Feb 04 19:47:04 arsenal-vmwarevirtualplatform kernel: SRAT: PXM 0 -> APIC 0xf2 -> Node 0
1707555623.1356072,Feb 04 19:47:04 arsenal-vmwarevirtualplatform kernel: ACPI: SRAT: Node 0 PXM 0 [mem 0x100000000-0x23fffffff]
1707555623.1390557,Feb 04 19:47:04 arsenal-vmwarevirtualplatform kernel:   Normal   [mem 0x0000000100000000-0x000000023fffffff]
1707555623.1402073,Feb 04 19:47:04 arsenal-vmwarevirtualplatform kernel: Initmem setup node 0 [mem 0x0000000000001000-0x000000023fffffff]
1707555623.141618,Feb 04 19:47:04 arsenal-vmwarevirtualplatform kernel: ACPI: LAPIC_NMI (acpi_id[0x02] high edge lint[0x1])
1707555623.1436975,Feb 04 19:47:04 arsenal-vmwarevirtualplatform kernel: ACPI: LAPIC_NMI (acpi_id[0x0d] high edge lint[0x1])
1707555623.1465302,Feb 04 19:47:04 arsenal-vmwarevirtualplatform kernel: ACPI: LAPIC_NMI (acpi_id[0x17] high edge lint[0x1])
1707555623.150034,Feb 04 19:47:04 arsenal-vmwarevirtualplatform kernel: ACPI: LAPIC_NMI (acpi_id[0x20] high edge lint[0x1])
1707555623.1516314,Feb 04 19:47:04 arsenal-vmwarevirtualplatform kernel: ACPI: LAPIC_NMI (acpi_id[0x27] high edge lint[0x1])
1707555623.1539078,Feb 04 19:47:04 arsenal-vmwarevirtualplatform kernel: ACPI: LAPIC_NMI (acpi_id[0x2f] high edge lint[0x1])
1707555623.155518,Feb 04 19:47:04 arsenal-vmwarevirtualplatform kernel: ACPI: LAPIC_NMI (acpi_id[0x3a] high edge lint[0x1])
1707555623.1581373,Feb 04 19:47:04 arsenal-vmwarevirtualplatform kernel: ACPI: LAPIC_NMI (acpi_id[0x42] high edge lint[0x1])
1707555623.1593776,Feb 04 19:47:04 arsenal-vmwarevirtualplatform kernel: ACPI: LAPIC_NMI (acpi_id[0x49] high edge lint[0x1])
1707555623.1629922,Feb 04 19:47:04 arsenal-vmwarevirtualplatform kernel: ACPI: LAPIC_NMI (acpi_id[0x53] high edge lint[0x1])
1707555623.1657631,Feb 04 19:47:04 arsenal-vmwarevirtualplatform kernel: ACPI: LAPIC_NMI (acpi_id[0x5b] high edge lint[0x1])
1707555623.1671586,Feb 04 19:47:04 arsenal-vmwarevirtualplatform kernel: ACPI: LAPIC_NMI (acpi_id[0x64] high edge lint[0x1])
1707555623.168909,Feb 04 19:47:04 arsenal-vmwarevirtualplatform kernel: ACPI: LAPIC_NMI (acpi_id[0x6c] high edge lint[0x1])
1707555623.170755,Feb 04 19:47:04 arsenal-vmwarevirtualplatform kernel: ACPI: LAPIC_NMI (acpi_id[0x74] high edge lint[0x1])
1707555623.1722524,Feb 04 19:47:04 arsenal-vmwarevirtualplatform kernel: ACPI: LAPIC_NMI (acpi_id[0x7c] high edge lint[0x1])
1707555623.1733692,Feb 04 19:47:04 arsenal-vmwarevirtualplatform kernel: ACPI: HPET id: 0x8086af01 base: 0xfed00000
1707555623.1764684,Feb 04 19:47:04 arsenal-vmwarevirtualplatform kernel: PM: hibernation: Registered nosave memory: [mem 0xf0000000-0xf7ffffff]
1707555623.1795485,"Feb 04 19:47:04 arsenal-vmwarevirtualplatform kernel: clocksource: refined-jiffies: mask: 0xffffffff max_cycles: 0xffffffff, max_idle_ns: 6370452778343963 ns"
1707555623.1808765,Feb 04 19:47:04 arsenal-vmwarevirtualplatform kernel: pcpu-alloc: [0] 032 033 034 035 036 037 038 039 
1707555623.185555,Feb 04 19:47:04 arsenal-vmwarevirtualplatform kernel: pcpu-alloc: [0] 088 089 090 091 092 093 094 095 
1707555623.1912606,"Feb 04 19:47:04 arsenal-vmwarevirtualplatform kernel: Unknown kernel command line parameters ""splash BOOT_IMAGE=/boot/vmlinuz-6.6-x86_64"", will be passed to user space."
1707555623.194488,Feb 04 19:47:04 arsenal-vmwarevirtualplatform kernel: software IO TLB: area num 128.
1707555623.1963062,Feb 04 19:47:04 arsenal-vmwarevirtualplatform kernel:         Trampoline variant of Tasks RCU enabled.
1707555623.197708,Feb 04 19:47:04 arsenal-vmwarevirtualplatform kernel: Console: colour dummy device 80x25
1707555623.2010381,"Feb 04 19:47:04 arsenal-vmwarevirtualplatform kernel: clocksource: tsc-early: mask: 0xffffffffffffffff max_cycles: 0x2135f7c97c8, max_idle_ns: 440795273205 ns"
1707555623.2044473,Feb 04 19:47:04 arsenal-vmwarevirtualplatform kernel: Spectre V2 : Spectre v2 / SpectreRSB mitigation: Filling RSB on context switch
1707555623.2100773,Feb 04 19:47:04 arsenal-vmwarevirtualplatform kernel: x86/fpu: Supporting XSAVE feature 0x002: 'SSE registers'
1707555623.2131495,"Feb 04 19:47:04 arsenal-vmwarevirtualplatform kernel: LSM: initializing lsm=capability,landlock,lockdown,yama,bpf,integrity"
1707555623.2163038,Feb 04 19:47:04 arsenal-vmwarevirtualplatform kernel: core: CPUID marked event: 'cpu cycles' unavailable
1707555623.2195675,Feb 04 19:47:04 arsenal-vmwarevirtualplatform kernel: ... max period:             000000007fffffff
1707555623.2210996,Feb 04 19:47:04 arsenal-vmwarevirtualplatform kernel: smp: Bringing up secondary CPUs ...
1707555623.2222843,Feb 04 19:47:04 arsenal-vmwarevirtualplatform kernel: smpboot: CPU 1 Converting physical 0 to logical die 1
1707555623.2236326,Feb 04 19:47:04 arsenal-vmwarevirtualplatform kernel: smpboot: CPU 3 Converting physical 6 to logical package 3
1707555623.2250714,Feb 04 19:47:04 arsenal-vmwarevirtualplatform kernel: smpboot: CPU 5 Converting physical 0 to logical die 5
1707555623.2268152,"Feb 04 19:47:04 arsenal-vmwarevirtualplatform kernel: smp: Brought up 1 node, 8 CPUs"
1707555623.2280834,Feb 04 19:47:04 arsenal-vmwarevirtualplatform kernel: ACPI: PM: Registering ACPI NVS region [mem 0xbfeff000-0xbfefffff] (4096 bytes)
1707555623.229304,"Feb 04 19:47:04 arsenal-vmwarevirtualplatform kernel: PM: RTC time: 14:17:00, date: 2024-02-04"
1707555623.23118,Feb 04 19:47:04 arsenal-vmwarevirtualplatform kernel: audit: initializing netlink subsys (disabled)
1707555623.2337563,Feb 04 19:47:04 arsenal-vmwarevirtualplatform kernel: thermal_sys: Registered thermal governor 'user_space'
1707555623.2349386,Feb 04 19:47:04 arsenal-vmwarevirtualplatform kernel: PCI: MMCONFIG for domain 0000 [bus 00-7f] at [mem 0xf0000000-0xf7ffffff] (base 0xf0000000)
1707555623.2360148,Feb 04 19:47:04 arsenal-vmwarevirtualplatform kernel: kprobes: kprobe jump-optimization is enabled. All kprobes are optimized if possible.
1707555623.2386389,Feb 04 19:47:04 arsenal-vmwarevirtualplatform kernel: ACPI: Added _OSI(Processor Device)
1707555623.2425485,"Feb 04 19:47:04 arsenal-vmwarevirtualplatform kernel: PCI: Using host bridge windows from ACPI; if necessary, use ""pci=nocrs"" and report a bug"
1707555623.2441278,Feb 04 19:47:04 arsenal-vmwarevirtualplatform kernel: pci_bus 0000:00: root bus resource [mem 0x000a0000-0x000bffff window]
1707555623.245537,Feb 04 19:47:04 arsenal-vmwarevirtualplatform kernel: pci 0000:00:07.1: [8086:7111] type 00 class 0x01018a
1707555623.246865,Feb 04 19:47:04 arsenal-vmwarevirtualplatform kernel: pci 0000:00:07.7: [15ad:0740] type 00 class 0x088000
1707555623.2493725,Feb 04 19:47:04 arsenal-vmwarevirtualplatform kernel: pci 0000:00:0f.0: reg 0x18: [mem 0xfe000000-0xfe7fffff]
1707555623.2521985,Feb 04 19:47:04 arsenal-vmwarevirtualplatform kernel: pci 0000:00:10.0: reg 0x30: [mem 0x00000000-0x00003fff pref]
1707555623.25451,Feb 04 19:47:04 arsenal-vmwarevirtualplatform kernel: pci 0000:00:15.3: [15ad:07a0] type 01 class 0x060400
1707555623.2566395,Feb 04 19:47:04 arsenal-vmwarevirtualplatform kernel: pci 0000:00:15.7: [15ad:07a0] type 01 class 0x060400
1707555623.2606163,Feb 04 19:47:04 arsenal-vmwarevirtualplatform kernel: pci 0000:00:16.3: [15ad:07a0] type 01 class 0x060400
1707555623.2631545,Feb 04 19:47:04 arsenal-vmwarevirtualplatform kernel: pci 0000:00:16.7: PME# supported from D0 D3hot D3cold
1707555623.2642972,Feb 04 19:47:04 arsenal-vmwarevirtualplatform kernel: pci 0000:00:17.3: PME# supported from D0 D3hot D3cold
1707555623.265534,Feb 04 19:47:04 arsenal-vmwarevirtualplatform kernel: pci 0000:00:18.0: [15ad:07a0] type 01 class 0x060400
1707555623.2672408,Feb 04 19:47:04 arsenal-vmwarevirtualplatform kernel: pci 0000:00:18.4: [15ad:07a0] type 01 class 0x060400
1707555623.2686505,Feb 04 19:47:04 arsenal-vmwarevirtualplatform kernel: pci_bus 0000:01: extended config space not accessible
1707555623.2708862,Feb 04 19:47:04 arsenal-vmwarevirtualplatform kernel: acpiphp: Slot [37] registered
1707555623.272472,Feb 04 19:47:04 arsenal-vmwarevirtualplatform kernel: acpiphp: Slot [46] registered
1707555623.2736113,Feb 04 19:47:04 arsenal-vmwarevirtualplatform kernel: acpiphp: Slot [55] registered
1707555623.274822,Feb 04 19:47:04 arsenal-vmwarevirtualplatform kernel: pci 0000:02:00.0: [15ad:0774] type 00 class 0x0c0300
1707555623.2761786,Feb 04 19:47:04 arsenal-vmwarevirtualplatform kernel: pci 0000:02:02.0: reg 0x10: [io  0x2040-0x207f]
1707555623.2775037,Feb 04 19:47:04 arsenal-vmwarevirtualplatform kernel: pci 0000:00:11.0:   bridge window [mem 0x000cc000-0x000dbfff window] (subtractive decode)
1707555623.2788064,Feb 04 19:47:04 arsenal-vmwarevirtualplatform kernel: pci 0000:00:15.1: PCI bridge to [bus 04]
1707555623.2801075,Feb 04 19:47:04 arsenal-vmwarevirtualplatform kernel: pci 0000:00:15.3: PCI bridge to [bus 06]
1707555623.281759,Feb 04 19:47:04 arsenal-vmwarevirtualplatform kernel: pci 0000:00:15.5:   bridge window [mem 0xe6600000-0xe66fffff 64bit pref]
1707555623.283249,Feb 04 19:47:04 arsenal-vmwarevirtualplatform kernel: pci 0000:00:16.0:   bridge window [mem 0xfd300000-0xfd3fffff]
1707555623.2842805,Feb 04 19:47:04 arsenal-vmwarevirtualplatform kernel: pci 0000:00:16.2:   bridge window [io  0xd000-0xdfff]
1707555623.2869809,Feb 04 19:47:04 arsenal-vmwarevirtualplatform kernel: pci 0000:00:16.4:   bridge window [mem 0xe6900000-0xe69fffff 64bit pref]
1707555623.2887805,Feb 04 19:47:04 arsenal-vmwarevirtualplatform kernel: pci 0000:00:16.6:   bridge window [mem 0xe6100000-0xe61fffff 64bit pref]
1707555623.2924027,Feb 04 19:47:04 arsenal-vmwarevirtualplatform kernel: pci 0000:00:17.0:   bridge window [mem 0xe7800000-0xe78fffff 64bit pref]
1707555623.293672,Feb 04 19:47:04 arsenal-vmwarevirtualplatform kernel: pci 0000:00:17.2:   bridge window [mem 0xfca00000-0xfcafffff]
1707555623.29694,Feb 04 19:47:04 arsenal-vmwarevirtualplatform kernel: pci 0000:00:17.5: PCI bridge to [bus 18]
1707555623.2992058,Feb 04 19:47:04 arsenal-vmwarevirtualplatform kernel: pci 0000:00:17.7:   bridge window [mem 0xe5c00000-0xe5cfffff 64bit pref]
1707555623.3006513,Feb 04 19:47:04 arsenal-vmwarevirtualplatform kernel: pci 0000:00:18.1:   bridge window [mem 0xfcd00000-0xfcdfffff]
1707555623.3028154,Feb 04 19:47:04 arsenal-vmwarevirtualplatform kernel: pci 0000:00:18.3:   bridge window [mem 0xe6b00000-0xe6bfffff 64bit pref]
1707555623.306547,Feb 04 19:47:04 arsenal-vmwarevirtualplatform kernel: pci 0000:00:18.6:   bridge window [mem 0xfb900000-0xfb9fffff]
1707555623.3077245,Feb 04 19:47:04 arsenal-vmwarevirtualplatform kernel: ACPI: PCI: Interrupt link LNKD configured for IRQ 7
1707555623.3091602,Feb 04 19:47:04 arsenal-vmwarevirtualplatform kernel: usbcore: registered new interface driver usbfs
1707555623.3114219,Feb 04 19:47:04 arsenal-vmwarevirtualplatform kernel: NetLabel:  domain hash size = 128
1707555623.3155437,Feb 04 19:47:04 arsenal-vmwarevirtualplatform kernel: e820: reserve RAM buffer [mem 0x0009ec00-0x0009ffff]
1707555623.317805,Feb 04 19:47:04 arsenal-vmwarevirtualplatform kernel: clocksource: Switched to clocksource tsc-early
1707555623.319289,Feb 04 19:47:04 arsenal-vmwarevirtualplatform kernel: system 00:05: [io  0xfce0-0xfcff] has been reserved
1707555623.322012,"Feb 04 19:47:04 arsenal-vmwarevirtualplatform kernel: TCP established hash table entries: 65536 (order: 7, 524288 bytes, linear)"
1707555623.3234568,Feb 04 19:47:04 arsenal-vmwarevirtualplatform kernel: pci 0000:00:15.3: bridge window [io  0x1000-0x0fff] to [bus 06] add_size 1000
1707555623.3245308,Feb 04 19:47:04 arsenal-vmwarevirtualplatform kernel: pci 0000:00:16.7: bridge window [io  0x1000-0x0fff] to [bus 12] add_size 1000
1707555623.3261964,Feb 04 19:47:04 arsenal-vmwarevirtualplatform kernel: pci 0000:00:18.2: bridge window [io  0x1000-0x0fff] to [bus 1d] add_size 1000
1707555623.3283062,Feb 04 19:47:04 arsenal-vmwarevirtualplatform kernel: pci 0000:00:15.3: BAR 13: failed to assign [io  size 0x1000]
1707555623.3294811,Feb 04 19:47:04 arsenal-vmwarevirtualplatform kernel: pci 0000:00:16.3: BAR 13: failed to assign [io  size 0x1000]
1707555623.330688,Feb 04 19:47:04 arsenal-vmwarevirtualplatform kernel: pci 0000:00:17.3: BAR 13: no space for [io  size 0x1000]
1707555623.3321273,Feb 04 19:47:04 arsenal-vmwarevirtualplatform kernel: pci 0000:00:18.2: BAR 13: no space for [io  size 0x1000]
1707555623.334705,Feb 04 19:47:04 arsenal-vmwarevirtualplatform kernel: pci 0000:00:18.7: BAR 13: failed to assign [io  size 0x1000]
1707555623.3366528,Feb 04 19:47:04 arsenal-vmwarevirtualplatform kernel: pci 0000:00:18.4: BAR 13: no space for [io  size 0x1000]
1707555623.3386927,Feb 04 19:47:04 arsenal-vmwarevirtualplatform kernel: pci 0000:00:17.6: BAR 13: no space for [io  size 0x1000]
1707555623.3399434,Feb 04 19:47:04 arsenal-vmwarevirtualplatform kernel: pci 0000:00:16.6: BAR 13: no space for [io  size 0x1000]
1707555623.3409903,Feb 04 19:47:04 arsenal-vmwarevirtualplatform kernel: pci 0000:00:15.7: BAR 13: no space for [io  size 0x1000]
1707555623.342179,Feb 04 19:47:04 arsenal-vmwarevirtualplatform kernel: pci 0000:00:15.3: BAR 13: no space for [io  size 0x1000]
1707555623.3432236,Feb 04 19:47:04 arsenal-vmwarevirtualplatform kernel: pci 0000:00:15.0: PCI bridge to [bus 03]
1707555623.344506,Feb 04 19:47:04 arsenal-vmwarevirtualplatform kernel: pci 0000:00:15.2:   bridge window [io  0xc000-0xcfff]
1707555623.3455822,Feb 04 19:47:04 arsenal-vmwarevirtualplatform kernel: pci 0000:00:15.4:   bridge window [mem 0xfc400000-0xfc4fffff]
1707555623.3478034,Feb 04 19:47:04 arsenal-vmwarevirtualplatform kernel: pci 0000:00:15.7:   bridge window [mem 0xe5e00000-0xe5efffff 64bit pref]
1707555623.3488271,Feb 04 19:47:04 arsenal-vmwarevirtualplatform kernel: pci 0000:00:16.1:   bridge window [mem 0xfcf00000-0xfcffffff]
1707555623.3499362,Feb 04 19:47:04 arsenal-vmwarevirtualplatform kernel: pci 0000:00:16.5: PCI bridge to [bus 10]
1707555623.3513114,Feb 04 19:47:04 arsenal-vmwarevirtualplatform kernel: pci 0000:00:17.0:   bridge window [mem 0xe7800000-0xe78fffff 64bit pref]
1707555623.3526938,Feb 04 19:47:04 arsenal-vmwarevirtualplatform kernel: pci 0000:00:17.3:   bridge window [mem 0xfc600000-0xfc6fffff]
1707555623.355485,Feb 04 19:47:04 arsenal-vmwarevirtualplatform kernel: pci 0000:00:17.6: PCI bridge to [bus 19]
1707555623.3575857,Feb 04 19:47:04 arsenal-vmwarevirtualplatform kernel: pci 0000:00:18.0:   bridge window [io  0x7000-0x7fff]
1707555623.3599546,Feb 04 19:47:04 arsenal-vmwarevirtualplatform kernel: pci 0000:00:18.3:   bridge window [mem 0xfc500000-0xfc5fffff]
1707555623.3630044,Feb 04 19:47:04 arsenal-vmwarevirtualplatform kernel: pci 0000:00:18.6:   bridge window [mem 0xe5f00000-0xe5ffffff 64bit pref]
1707555623.3641906,Feb 04 19:47:04 arsenal-vmwarevirtualplatform kernel: pci_bus 0000:02: resource 2 [mem 0xe7b00000-0xe7ffffff 64bit pref]
1707555623.3653905,Feb 04 19:47:04 arsenal-vmwarevirtualplatform kernel: pci_bus 0000:04: resource 0 [io  0x8000-0x8fff]
1707555623.3666942,Feb 04 19:47:04 arsenal-vmwarevirtualplatform kernel: pci_bus 0000:07: resource 2 [mem 0xe6a00000-0xe6afffff 64bit pref]
1707555623.374463,Feb 04 19:47:04 arsenal-vmwarevirtualplatform kernel: pci_bus 0000:16: resource 1 [mem 0xfc600000-0xfc6fffff]
1707555623.3798747,Feb 04 19:47:04 arsenal-vmwarevirtualplatform kernel: pci_bus 0000:1e: resource 1 [mem 0xfc500000-0xfc5fffff]
1707555623.3838334,Feb 04 19:47:04 arsenal-vmwarevirtualplatform kernel: pci_bus 0000:21: resource 2 [mem 0xe5f00000-0xe5ffffff 64bit pref]
1707555623.3907204,Feb 04 19:47:04 arsenal-vmwarevirtualplatform kernel: workingset: timestamp_bits=41 max_order=21 bucket_order=0
1707555623.3981848,Feb 04 19:47:04 arsenal-vmwarevirtualplatform kernel: pcieport 0000:00:15.3: pciehp: Slot #163 AttnBtn+ PwrCtrl+ MRL- AttnInd- PwrInd- HotPlug+ Surprise- Interlock- NoCompl+ IbPresDis- LLActRep+
1707555623.3997824,Feb 04 19:47:04 arsenal-vmwarevirtualplatform kernel: pcieport 0000:00:16.0: PME: Signaling with IRQ 32
1707555623.4009326,Feb 04 19:47:04 arsenal-vmwarevirtualplatform kernel: pcieport 0000:00:16.4: pciehp: Slot #196 AttnBtn+ PwrCtrl+ MRL- AttnInd- PwrInd- HotPlug+ Surprise- Interlock- NoCompl+ IbPresDis- LLActRep+
1707555623.4020963,Feb 04 19:47:04 arsenal-vmwarevirtualplatform kernel: pcieport 0000:00:17.0: pciehp: Slot #224 AttnBtn+ PwrCtrl+ MRL- AttnInd- PwrInd- HotPlug+ Surprise- Interlock- NoCompl+ IbPresDis- LLActRep+
1707555623.4037,Feb 04 19:47:04 arsenal-vmwarevirtualplatform kernel: pcieport 0000:00:18.0: PME: Signaling with IRQ 48
1707555623.4062254,Feb 04 19:47:04 arsenal-vmwarevirtualplatform kernel: pcieport 0000:00:18.5: PME: Signaling with IRQ 53
1707555623.4105942,Feb 04 19:47:04 arsenal-vmwarevirtualplatform kernel: AMD-Vi: AMD IOMMUv2 functionality not available on this system - This is not a bug.
1707555623.4119892,"Feb 04 19:47:04 arsenal-vmwarevirtualplatform kernel: uhci_hcd 0000:02:00.0: irq 18, io port 0x00002080"
1707555623.416118,Feb 04 19:47:04 arsenal-vmwarevirtualplatform kernel: hub 1-0:1.0: 2 ports detected
1707555623.4201145,Feb 04 19:47:04 arsenal-vmwarevirtualplatform kernel: ledtrig-cpu: registered to indicate activity on CPUs
1707555623.4230886,Feb 04 19:47:04 arsenal-vmwarevirtualplatform kernel: hub 2-0:1.0: USB hub found
1707555623.4242246,Feb 04 19:47:04 arsenal-vmwarevirtualplatform kernel: In-situ OAM (IOAM) with IPv6
1707555623.4251714,Feb 04 19:47:04 arsenal-vmwarevirtualplatform kernel: Key type fscrypt-provisioning registered
1707555623.4297493,"Feb 04 19:47:04 arsenal-vmwarevirtualplatform kernel: usb 2-1: New USB device strings: Mfr=1, Product=2, SerialNumber=0"
1707555623.4341338,Feb 04 19:47:04 arsenal-vmwarevirtualplatform kernel: Write protecting the kernel read-only data: 30720k
1707555623.4367905,Feb 04 19:47:04 arsenal-vmwarevirtualplatform kernel:     TERM=linux
1707555623.4384797,"Feb 04 19:47:04 arsenal-vmwarevirtualplatform kernel: usb 1-2: Manufacturer: VMware, Inc."
1707555623.4414592,"Feb 04 19:47:04 arsenal-vmwarevirtualplatform kernel: vmwgfx 0000:00:0f.0: [drm] Capabilities2: grow otable, intra surface copy, dx2, gb memsize 2, screendma reg, otable ptdepth2, non ms to ms stretchblt, cursor mob, mshint, cb max size 4mb, dx3, frame type, trace full fb, extra regs, lo staging, "
1707555623.446518,Feb 04 19:47:04 arsenal-vmwarevirtualplatform kernel: vmwgfx 0000:00:0f.0: [drm] Fifo max 0x00040000 min 0x00001000 cap 0x0000077f
1707555623.4480355,Feb 04 19:47:04 arsenal-vmwarevirtualplatform kernel: usb 1-2.1: new full-speed USB device number 4 using uhci_hcd
1707555623.456078,Feb 04 19:47:04 arsenal-vmwarevirtualplatform kernel: usb 1-2.1: SerialNumber: 000650268328
1707555623.4577157,Feb 04 19:47:04 arsenal-vmwarevirtualplatform kernel: ata1: PATA max UDMA/33 cmd 0x1f0 ctl 0x3f6 bmdma 0x1060 irq 14
1707555623.459051,Feb 04 19:47:04 arsenal-vmwarevirtualplatform kernel: scsi 1:0:0:0: CD-ROM            NECVMWar VMware IDE CDR10 1.00 PQ: 0 ANSI: 5
1707555623.461777,Feb 04 19:47:04 arsenal-vmwarevirtualplatform kernel: scsi target2:0:0: Domain Validation skipping write tests
1707555623.468886,Feb 04 19:47:04 arsenal-vmwarevirtualplatform kernel: sd 2:0:0:0: [sda] Mode Sense: 61 00 00 00
1707555623.470158,Feb 04 19:47:04 arsenal-vmwarevirtualplatform kernel: EXT4-fs (sda1): mounted filesystem 5407100a-b124-4e6f-89f2-5974d3d0ba59 r/w with ordered data mode. Quota mode: none.
1707555623.4720457,Feb 04 19:47:04 arsenal-vmwarevirtualplatform systemd[1]: Queued start job for default target Graphical Interface.
1707555623.473234,Feb 04 19:47:04 arsenal-vmwarevirtualplatform systemd[1]: Expecting device /dev/disk/by-uuid/63f725ed-7358-429a-8e64-26f5da7165fc...
1707555623.4742987,Feb 04 19:47:04 arsenal-vmwarevirtualplatform systemd[1]: Reached target Local Verity Protected Volumes.
1707555623.4754558,Feb 04 19:47:04 arsenal-vmwarevirtualplatform systemd[1]: Listening on Process Core Dump Socket.
1707555623.4766622,Feb 04 19:47:04 arsenal-vmwarevirtualplatform systemd[1]: Listening on udev Control Socket.
1707555623.477798,"Feb 04 19:47:04 arsenal-vmwarevirtualplatform systemd[1]: Starting Monitoring of LVM2 mirrors, snapshots etc. using dmeventd or progress polling..."
1707555623.4788816,Feb 04 19:47:04 arsenal-vmwarevirtualplatform systemd[1]: Starting Load Kernel Module loop...
1707555623.486382,Feb 04 19:47:04 arsenal-vmwarevirtualplatform systemd[1]: TPM2 PCR Machine ID Measurement was skipped because of an unmet condition check (ConditionPathExists=/sys/firmware/efi/efivars/StubPcrKernelImage-4a67b082-0a4c-41cf-b6c7-440b29bb8c4f).
1707555623.4874866,Feb 04 19:47:04 arsenal-vmwarevirtualplatform systemd[1]: Starting Virtual Console Setup...
1707555623.4887214,Feb 04 19:47:04 arsenal-vmwarevirtualplatform kernel: fuse: init (API version 7.39)
1707555623.4899175,Feb 04 19:47:04 arsenal-vmwarevirtualplatform kernel: i2c_dev: i2c /dev entries driver
1707555623.4909341,Feb 04 19:47:04 arsenal-vmwarevirtualplatform systemd[1]: modprobe@dm_mod.service: Deactivated successfully.
1707555623.491775,Feb 04 19:47:04 arsenal-vmwarevirtualplatform systemd-modules-load[308]: Inserted module 'i2c_dev'
1707555623.4928205,Feb 04 19:47:04 arsenal-vmwarevirtualplatform systemd[1]: Started Journal Service.
1707555623.4939592,Feb 04 19:47:04 arsenal-vmwarevirtualplatform systemd[1]: Finished Coldplug All udev Devices.
1707555623.4948723,Feb 04 19:47:04 arsenal-vmwarevirtualplatform systemd[1]: Starting Flush Journal to Persistent Storage...
1707555623.497184,Feb 04 19:47:04 arsenal-vmwarevirtualplatform systemd[1]: Starting Create Static Device Nodes in /dev gracefully...
1707555623.4983947,"Feb 04 19:47:04 arsenal-vmwarevirtualplatform systemd-journald[307]: System Journal (/var/log/journal/ad5fe648d6984a1684b90f6963aa496a) is 8.0M, max 4.0G, 3.9G free."
1707555623.4995866,Feb 04 19:47:05 arsenal-vmwarevirtualplatform systemd[1]: Starting Create Static Device Nodes in /dev...
1707555623.5009594,Feb 04 19:47:05 arsenal-vmwarevirtualplatform systemd[1]: Starting Show Plymouth Boot Screen...
1707555623.5021243,Feb 04 19:47:05 arsenal-vmwarevirtualplatform systemd[1]: Started Forward Password Requests to Plymouth Directory Watch.
1707555623.5031176,Feb 04 19:47:05 arsenal-vmwarevirtualplatform kernel: Adding 9227464k swap on /dev/sda2.  Priority:-2 extents:1 across:9227464k 
1707555623.5041628,Feb 04 19:47:05 arsenal-vmwarevirtualplatform systemd[1]: Starting Tell Plymouth To Write Out Runtime Data...
1707555623.50898,Feb 04 19:47:05 arsenal-vmwarevirtualplatform systemd[1]: First Boot Complete was skipped because of an unmet condition check (ConditionFirstBoot=yes).
1707555623.5105076,"Feb 04 19:47:05 arsenal-vmwarevirtualplatform mtp-probe[419]: bus: 2, device: 2 was not an MTP device"
1707555623.5134473,Feb 04 19:47:05 arsenal-vmwarevirtualplatform kernel: Bluetooth: HCI device and connection manager initialized
1707555623.5156622,Feb 04 19:47:05 arsenal-vmwarevirtualplatform systemd[1]: Starting Update is Completed...
1707555623.5169816,Feb 04 19:47:05 arsenal-vmwarevirtualplatform systemd[1]: Set Up Additional Binary Formats was skipped because no trigger condition checks were met.
1707555623.5184197,Feb 04 19:47:05 arsenal-vmwarevirtualplatform systemd[1]: Stopped Virtual Console Setup.
1707555623.5213218,Feb 04 19:47:05 arsenal-vmwarevirtualplatform systemd[1]: Finished Load Kernel Module dm_mod.
1707555623.5226567,Feb 04 19:47:06 arsenal-vmwarevirtualplatform systemd[1]: First Boot Wizard was skipped because of an unmet condition check (ConditionFirstBoot=yes).
1707555623.5254214,Feb 04 19:47:06 arsenal-vmwarevirtualplatform systemd[1]: Started Generate mirrorlist weekly.
1707555623.526819,Feb 04 19:47:06 arsenal-vmwarevirtualplatform systemd[1]: TPM2 PCR Barrier (Initialization) was skipped because of an unmet condition check (ConditionPathExists=/sys/firmware/efi/efivars/StubPcrKernelImage-4a67b082-0a4c-41cf-b6c7-440b29bb8c4f).
1707555623.5281196,Feb 04 19:47:06 arsenal-vmwarevirtualplatform systemd[1]: Repartition Root Disk was skipped because no trigger condition checks were met.
1707555623.5320253,Feb 04 19:47:06 arsenal-vmwarevirtualplatform systemd-logind[458]: Watching system buttons on /dev/input/event2 (AT Translated Set 2 keyboard)
1707555623.533822,Feb 04 19:47:06 arsenal-vmwarevirtualplatform kernel: e1000 0000:02:01.0 ens33: renamed from eth0
1707555623.5360062,Feb 04 19:47:06 arsenal-vmwarevirtualplatform polkitd[457]: Started polkitd version 123
1707555623.5393038,Feb 04 19:47:06 arsenal-vmwarevirtualplatform systemd[1]: Reached target Bluetooth Support.
1707555623.540381,Feb 04 19:47:06 arsenal-vmwarevirtualplatform NetworkManager[460]: <info>  [1707056226.2966] manager[0x55794e7b65b0]: monitoring kernel firmware directory '/lib/firmware'.
1707555623.5417533,Feb 04 19:47:06 arsenal-vmwarevirtualplatform NetworkManager[460]: <info>  [1707056226.3661] Loaded device plugin: NMWwanFactory (/usr/lib/NetworkManager/1.44.2-3/libnm-device-plugin-wwan.so)
1707555623.5431402,Feb 04 19:47:06 arsenal-vmwarevirtualplatform NetworkManager[460]: <info>  [1707056226.3800] manager: (lo): new Loopback device (/org/freedesktop/NetworkManager/Devices/1)
1707555623.5452185,"Feb 04 19:47:06 arsenal-vmwarevirtualplatform NetworkManager[460]: <info>  [1707056226.3851] device (ens33): state change: unmanaged -> unavailable (reason 'managed', sys-iface-state: 'external')"
1707555623.5485406,Feb 04 19:47:06 arsenal-vmwarevirtualplatform NetworkManager[460]: <info>  [1707056226.3993] device (ens33): Activation: starting connection 'Wired connection 1' (18e8ffc0-8e6b-326f-9fdd-26a16c544e2a)
1707555623.5510836,Feb 04 19:47:06 arsenal-vmwarevirtualplatform systemd[1]: Reached target Network.
1707555623.5521402,Feb 04 19:47:06 arsenal-vmwarevirtualplatform systemd[1]: Finished Permit User Sessions.
1707555623.5541472,Feb 04 19:47:06 arsenal-vmwarevirtualplatform systemd[1]: Received SIGRTMIN+21 from PID 212 (plymouthd).
1707555623.5554056,"Feb 04 19:47:07 arsenal-vmwarevirtualplatform NetworkManager[460]: <info>  [1707056227.4100] dhcp4 (ens33): state changed new lease, address=192.168.159.141"
1707555623.5565324,Feb 04 19:47:07 arsenal-vmwarevirtualplatform NetworkManager[460]: <info>  [1707056227.4173] manager: NetworkManager state is now CONNECTED_SITE
1707555623.5578508,Feb 04 19:47:09 arsenal-vmwarevirtualplatform systemd[1]: Reached target Graphical Interface.
1707555623.5609255,Feb 04 19:47:09 arsenal-vmwarevirtualplatform sddm[505]: Display server starting...
1707555623.5622766,"Feb 04 19:47:10 arsenal-vmwarevirtualplatform sddm[505]: Session ""/usr/share/xsessions/plasma.desktop"" selected, command: ""/usr/bin/startplasma-x11"" for VT 2"
1707555623.5655327,"Feb 04 19:47:10 arsenal-vmwarevirtualplatform sddm-helper[554]: pam_kwallet5(sddm-autologin:auth): pam_kwallet5: Empty or missing password, doing nothing"
1707555623.5670307,Feb 04 19:47:10 arsenal-vmwarevirtualplatform systemd[1]: Starting User Runtime Directory /run/user/1000...
1707555623.5684705,Feb 04 19:47:10 arsenal-vmwarevirtualplatform systemd[558]: Created slice User Application Slice.
1707555623.5695097,Feb 04 19:47:10 arsenal-vmwarevirtualplatform systemd[558]: Listening on GnuPG cryptographic agent and passphrase cache.
1707555623.5707355,Feb 04 19:47:10 arsenal-vmwarevirtualplatform systemd[558]: Starting Update XDG user dir configuration...
1707555623.5720146,"Feb 04 19:47:10 arsenal-vmwarevirtualplatform sddm-helper[554]: Writing cookie to ""/tmp/xauth_FcKmTN"""
1707555623.574731,Feb 04 19:47:12 arsenal-vmwarevirtualplatform startplasma-x11[570]: QPixmap: QGuiApplication must be created before calling defaultDepth().
1707555623.5780778,Feb 04 19:47:12 arsenal-vmwarevirtualplatform systemd[558]: Starting KDE Config Module Initialization...
1707555623.579501,"Feb 04 19:47:12 arsenal-vmwarevirtualplatform dbus-daemon[456]: [system] Activating via systemd: service name='org.freedesktop.UDisks2' unit='udisks2.service' requested by ':1.16' (uid=1000 pid=619 comm=""/usr/lib/baloo_file"")"
1707555623.5821676,"Feb 04 19:47:12 arsenal-vmwarevirtualplatform kcminit_startup[620]: Initializing  ""/usr/lib/qt/plugins/plasma/kcms/systemsettings/kcm_style.so"""
1707555623.5835145,Feb 04 19:47:12 arsenal-vmwarevirtualplatform systemd[1]: Started Disk Manager.
1707555623.5850022,Feb 04 19:47:12 arsenal-vmwarevirtualplatform rtkit-daemon[658]: Successfully limited resources.
1707555623.586389,"Feb 04 19:47:12 arsenal-vmwarevirtualplatform dbus-daemon[580]: [session uid=1000 pid=580] Activating via systemd: service name='org.freedesktop.impl.portal.desktop.kde' unit='plasma-xdg-desktop-portal-kde.service' requested by ':1.6' (uid=1000 pid=623 comm=""/usr/lib/xdg-desktop-portal"")"
1707555623.5897145,Feb 04 19:47:12 arsenal-vmwarevirtualplatform systemd[1]: Started Daemon for power management.
1707555623.5928514,Feb 04 19:47:13 arsenal-vmwarevirtualplatform systemd[558]: Starting KDE Global Shortcuts Server...
1707555623.5961733,Feb 04 19:47:13 arsenal-vmwarevirtualplatform ksmserver[666]: QDBusConnection: name 'org.kde.kglobalaccel' had owner '' but we thought it was ':1.13'
1707555623.5993204,"Feb 04 19:47:13 arsenal-vmwarevirtualplatform kwin_x11[673]: kwin_core: Parse error in tiles configuration for monitor ""75ed573d-6eee-5e00-a7c4-c7589c8df991"" : ""illegal value"" Creating default setup"
1707555623.6006145,"Feb 04 19:47:13 arsenal-vmwarevirtualplatform kwin_x11[673]: OpenGL renderer string:                 llvmpipe (LLVM 16.0.6, 256 bits)"
1707555623.6043124,Feb 04 19:47:13 arsenal-vmwarevirtualplatform kwin_x11[673]: Mesa version:                           23.1.9
1707555623.6081867,Feb 04 19:47:13 arsenal-vmwarevirtualplatform kwin_x11[673]: kwin_platform_x11_standalone: glSwapInterval is unsupported
1707555623.610645,Feb 04 19:47:13 arsenal-vmwarevirtualplatform systemd[558]: Starting Xdg Desktop Portal For KDE...
1707555623.612916,"Feb 04 19:47:14 arsenal-vmwarevirtualplatform kded5[672]: System timezone has been changed, new timezone is ""Asia/Kolkata"""
1707555623.6150577,"Feb 04 19:47:14 arsenal-vmwarevirtualplatform dbus-daemon[456]: [system] Activating service name='org.kde.powerdevil.discretegpuhelper' requested by ':1.23' (uid=1000 pid=785 comm=""/usr/lib/org_kde_powerdevil"") (using servicehelper)"
1707555623.6165166,"Feb 04 19:47:14 arsenal-vmwarevirtualplatform plasmashell[740]: If this Plasma has been installed into a custom prefix, verify that its D-Bus services dir is known to the system for the daemon to be activatable."
1707555623.6179738,Feb 04 19:47:14 arsenal-vmwarevirtualplatform rtkit-daemon[658]: Supervising 0 threads of 0 processes of 0 users.
1707555623.6205418,Feb 04 19:47:14 arsenal-vmwarevirtualplatform rtkit-daemon[658]: Supervising 2 threads of 1 processes of 1 users.
1707555623.6235173,Feb 04 19:47:14 arsenal-vmwarevirtualplatform systemd[1]: Starting Power Profiles daemon...
1707555623.625649,Feb 04 19:47:14 arsenal-vmwarevirtualplatform org_kde_powerdevil[785]: org.kde.powerdevil: org.kde.powerdevil.backlighthelper.brightness failed
1707555623.628269,Feb 04 19:47:14 arsenal-vmwarevirtualplatform pipewire[867]: [0:00:14.631684195] [867] ERROR IPAModule ipa_module.cpp:172 Symbol ipaModuleInfo not found
1707555623.631585,Feb 04 19:47:15 arsenal-vmwarevirtualplatform systemd[558]: Reached target KDE Plasma Workspace.
1707555623.63461,Feb 04 19:47:15 arsenal-vmwarevirtualplatform systemd[558]: Starting Klipper...
1707555623.6381402,Feb 04 19:47:15 arsenal-vmwarevirtualplatform systemd[558]: Starting Print Queue Applet...
1707555623.6412137,Feb 04 19:47:15 arsenal-vmwarevirtualplatform systemd[558]: Starting VMware User Agent...
1707555623.64407,Feb 04 19:47:15 arsenal-vmwarevirtualplatform systemd[558]: app-pamac\x2dtray@autostart.service: Skipped due to 'exec-condition'.
1707555623.6473885,Feb 04 19:47:15 arsenal-vmwarevirtualplatform systemd[558]: Started KDE Connect.
1707555623.6493187,Feb 04 19:47:15 arsenal-vmwarevirtualplatform systemd[558]: Started xapp-sn-watcher.
1707555623.6535468,Feb 04 19:47:15 arsenal-vmwarevirtualplatform systemd[558]: Reached target Startup of XDG autostart applications.
1707555623.657876,"Feb 04 19:47:15 arsenal-vmwarevirtualplatform spice-vdagent[984]: vdagent virtio channel /dev/virtio-ports/com.redhat.spice.0 does not exist, exiting"
1707555623.6599402,Feb 04 19:47:16 arsenal-vmwarevirtualplatform systemd[558]: Starting Accessibility services bus...
1707555623.6632469,"Feb 04 19:47:16 arsenal-vmwarevirtualplatform plasmashell[740]: file:///usr/lib/qt/qml/org/kde/kirigami.2/templates/InlineMessage.qml:265:13: QML SelectableLabel: Binding loop detected for property ""implicitWidth"""
1707555623.6653814,Feb 04 19:47:16 arsenal-vmwarevirtualplatform manjaro-hello[949]: INFO:root:json to merge : /usr/share/application-utility/default.json
1707555623.6690946,"Feb 04 19:47:17 arsenal-vmwarevirtualplatform plasmashell[740]: org.kde.plasma.kicker: Entry is not valid ""ktp-contactlist.desktop"" QSharedPointer(0x55c521f24d80)"
1707555623.6702068,Feb 04 19:47:17 arsenal-vmwarevirtualplatform rtkit-daemon[658]: Successfully made thread 1160 of process 1160 owned by '1000' high priority at nice level -11.
1707555623.6716185,Feb 04 19:47:18 arsenal-vmwarevirtualplatform manjaro-hello[949]: WARNING:root:File not exist ? /usr/share/application-utility/?.json
1707555623.6730344,Feb 04 19:47:18 arsenal-vmwarevirtualplatform manjaro-hello[949]: --- read data.json with FILTERS ---
1707555623.6748703,Feb 04 19:47:18 arsenal-vmwarevirtualplatform manjaro-hello[949]: DEBUG:root:groups    : *
1707555623.6766016,Feb 04 19:47:18 arsenal-vmwarevirtualplatform manjaro-hello[949]: DEBUG:root:        filter app: Claws Mail ['advanced'] <
1707555623.6780853,Feb 04 19:47:18 arsenal-vmwarevirtualplatform manjaro-hello[949]: DEBUG:root:        filter app: Visual Studio Code OSS ['advanced'] <
1707555623.6793914,Feb 04 19:47:18 arsenal-vmwarevirtualplatform manjaro-hello[949]: DEBUG:root:        filter app: Borg ['advanced'] <
1707555623.6806424,Feb 04 19:47:18 arsenal-vmwarevirtualplatform manjaro-hello[949]: DEBUG:root:filter    :
1707555623.6818492,Feb 04 19:47:18 arsenal-vmwarevirtualplatform manjaro-hello[949]: DEBUG:root:        filter app: Vim ['advanced'] <
1707555623.6831806,Feb 04 19:47:18 arsenal-vmwarevirtualplatform manjaro-hello[949]: DEBUG:root:        filter app: Grsync ['advanced'] <
1707555623.6843984,Feb 04 19:47:18 arsenal-vmwarevirtualplatform manjaro-hello[949]: DEBUG:root:filter group : Virtual Computing ['advanced'] <
1707555623.686819,Feb 04 19:47:18 arsenal-vmwarevirtualplatform manjaro-hello[949]: DEBUG:root:filter    :
1707555623.687858,Feb 04 19:47:18 arsenal-vmwarevirtualplatform manjaro-hello[949]: DEBUG:root:        filter app: Claws Mail ['advanced'] <
1707555623.6933954,Feb 04 19:47:18 arsenal-vmwarevirtualplatform manjaro-hello[949]: DEBUG:root:filter group : Virtual Computing ['advanced'] <
1707555623.6966054,Feb 04 19:47:20 arsenal-vmwarevirtualplatform breath2tobreath[860]: QApplication::qAppName: Please instantiate the QApplication object first
1707555623.6977923,"Feb 04 19:47:20 arsenal-vmwarevirtualplatform plasmashell[740]: org.kde.plasma.kicker: Entry is not valid ""org.kde.discover.desktop"" QSharedPointer(0x55c522316aa0)"
1707555623.6988885,"Feb 04 19:47:22 arsenal-vmwarevirtualplatform plasmashell[740]: file:///usr/lib/qt/qml/org/kde/plasma/extras/PlaceholderMessage.qml:238:5: QML Heading: Binding loop detected for property ""verticalAlignment"""
1707555623.7000837,"Feb 04 19:47:22 arsenal-vmwarevirtualplatform kded5[672]: Loaded defaults from ""/usr/share/khotkeys/defaults.khotkeys"""
1707555623.7014296,"Feb 04 19:47:22 arsenal-vmwarevirtualplatform dbus-daemon[580]: [session uid=1000 pid=580] Activating via systemd: service name='org.bluez.obex' unit='dbus-org.bluez.obex.service' requested by ':1.9' (uid=1000 pid=672 comm=""/usr/bin/kded5"")"
1707555623.7035441,"Feb 04 19:47:22 arsenal-vmwarevirtualplatform kded5[672]: Registering "":1.40/StatusNotifierItem"" to system tray"
1707555623.706059,"                                                                                              New: ""1"""
1707555623.7073426,                                                                                      New priority: 0
1707555623.7087212,                                                                                      New priority: 0
1707555623.7101157,Feb 04 19:47:22 arsenal-vmwarevirtualplatform systemd[558]: Starting Bluetooth OBEX service...
1707555623.7126698,Feb 04 19:47:22 arsenal-vmwarevirtualplatform kscreen_backend_launcher[980]: kscreen.xcb.helper:         Output:  70
1707555623.7140448,"Feb 04 19:47:23 arsenal-vmwarevirtualplatform plasmashell[740]: file:///usr/lib/qt/qml/org/kde/plasma/extras/PlaceholderMessage.qml:238:5: QML Heading: Binding loop detected for property ""verticalAlignment"""
1707555623.7187235,"Feb 04 19:48:08 arsenal-vmwarevirtualplatform plasmashell[740]: Could not find the Plasmoid for Plasma::FrameSvgItem(0x55c5237b32f0) QQmlContext(0x55c521fa3d80) QUrl(""file:///usr/share/plasma/plasmoids/org.kde.plasma.notifications/contents/ui/global/Globals.qml"")"
1707555623.7267003,"Feb 04 19:50:37 arsenal-vmwarevirtualplatform dbus-daemon[456]: [system] Activating via systemd: service name='org.manjaro.pamac.daemon' unit='pamac-daemon.service' requested by ':1.44' (uid=1000 pid=1356 comm=""/usr/bin/pamac-manager --updates"")"
1707555623.7284474,"Feb 04 19:50:45 arsenal-vmwarevirtualplatform plasmashell[740]: kf.sonnet.core: No language dictionaries for the language: ""en_US"""
1707555623.7298367,Feb 04 19:50:53 arsenal-vmwarevirtualplatform dbus-daemon[580]: [session uid=1000 pid=580] Successfully activated service 'org.kde.runners.baloo'
1707555623.730691,Feb 04 19:50:56 arsenal-vmwarevirtualplatform polkit-kde-authentication-agent-1[784]: GSimpleAsyncResult: 0x564e9e0d7fa0
1707555623.7346814,Feb 04 19:50:56 arsenal-vmwarevirtualplatform dbus-daemon[456]: [system] Activation via systemd failed for unit 'dbus-org.freedesktop.home1.service': Unit dbus-org.freedesktop.home1.service not found.
1707555623.7372687,Feb 04 19:51:00 arsenal-vmwarevirtualplatform polkit-kde-authentication-agent-1[784]: Completed:  true
1707555623.7437344,"Feb 04 19:51:01 arsenal-vmwarevirtualplatform partitionmanager[1449]: ""Using backend plugin: pmsfdiskbackendplugin (1)"""
1707555623.7463942,Feb 04 19:51:19 arsenal-vmwarevirtualplatform polkit-kde-authentication-agent-1[784]: GSimpleAsyncResult: 0x564e9e24c8e0
1707555623.748969,"Feb 04 19:51:19 arsenal-vmwarevirtualplatform dbus-daemon[456]: [system] Activating via systemd: service name='org.freedesktop.home1' unit='dbus-org.freedesktop.home1.service' requested by ':1.55' (uid=0 pid=1582 comm=""/usr/lib/polkit-1/polkit-agent-helper-1 arsenal"")"
1707555623.7513163,Feb 04 19:51:23 arsenal-vmwarevirtualplatform polkit-kde-authentication-agent-1[784]: Completed:  true
1707555623.7564802,Feb 04 19:54:19 arsenal-vmwarevirtualplatform kernel: sched: RT throttling activated
1707555623.7597175,Feb 04 19:54:18 arsenal-vmwarevirtualplatform rtkit-daemon[658]: Successfully demoted thread 882 of process 870.
1707555623.761683,Feb 04 19:57:42 arsenal-vmwarevirtualplatform dbus-daemon[456]: [system] Successfully activated service 'org.freedesktop.nm_dispatcher'
1707555623.7636452,Feb 04 20:00:45 arsenal-vmwarevirtualplatform pamac-manager[1653]: gdk_window_set_cursor: assertion 'GDK_IS_WINDOW (window)' failed
1707555623.7684655,Feb 04 20:01:01 arsenal-vmwarevirtualplatform anacron[1705]: Will run job `cron.daily' in 18 min.
1707555623.771547,Feb 04 20:01:03 arsenal-vmwarevirtualplatform polkit-kde-authentication-agent-1[784]: Listener adapter polkit_qt_listener_initiate_authentication
1707555623.7750804,Feb 04 20:01:03 arsenal-vmwarevirtualplatform polkit-kde-authentication-agent-1[784]: Initiating authentication
1707555623.7779727,Feb 04 20:01:03 arsenal-vmwarevirtualplatform polkit-kde-authentication-agent-1[784]: WinId of the dialog is  33554464 33554464
1707555623.779705,Feb 04 20:01:03 arsenal-vmwarevirtualplatform dbus-daemon[456]: [system] Activation via systemd failed for unit 'dbus-org.freedesktop.home1.service': Unit dbus-org.freedesktop.home1.service not found.
1707555623.781329,Feb 04 20:01:06 arsenal-vmwarevirtualplatform polkit-kde-authentication-agent-1[784]: Dialog accepted
1707555623.7834623,Feb 04 20:01:06 arsenal-vmwarevirtualplatform polkit-kde-authentication-agent-1[784]: Listener adapter polkit_qt_listener_initiate_authentication_finish
1707555623.7873409,Feb 04 20:01:44 arsenal-vmwarevirtualplatform polkitd[457]: Collecting garbage unconditionally...
1707555623.7886925,Feb 04 20:01:44 arsenal-vmwarevirtualplatform dbus-daemon[456]: [system] Reloaded configuration
1707555623.790963,Feb 04 20:01:44 arsenal-vmwarevirtualplatform polkitd[457]: Reloading rules
1707555623.7921624,Feb 04 20:01:44 arsenal-vmwarevirtualplatform polkitd[457]: Loading rules from directory /usr/share/polkit-1/rules.d
1707555623.7943578,Feb 04 20:01:44 arsenal-vmwarevirtualplatform polkitd[457]: Loading rules from directory /etc/polkit-1/rules.d
1707555623.7955685,Feb 04 20:01:44 arsenal-vmwarevirtualplatform systemd[1]: Reexecuting requested from client PID 2491 ('systemctl') (unit pamac-daemon.service)...
1707555623.7966413,Feb 04 20:01:44 arsenal-vmwarevirtualplatform systemd[1]: bpf-lsm: LSM BPF program attached
1707555623.797669,"Feb 04 20:01:44 arsenal-vmwarevirtualplatform at-spi-bus-launcher[1132]: dbus-daemon[1132]: Unable to reload configuration: Failed to open ""/usr/share/defaults/at-spi2/accessibility.conf"": No such file or directory"
1707555623.7985518,Feb 04 20:01:44 arsenal-vmwarevirtualplatform systemd[558]: Reexecuting.
1707555623.8002505,Feb 04 20:01:49 arsenal-vmwarevirtualplatform dbus-daemon[456]: [system] Reloaded configuration
1707555623.8016567,Feb 04 20:01:49 arsenal-vmwarevirtualplatform polkitd[457]: Collecting garbage unconditionally...
1707555623.802875,Feb 04 20:01:49 arsenal-vmwarevirtualplatform dbus-daemon[456]: [system] Reloaded configuration
1707555623.8037734,Feb 04 20:01:49 arsenal-vmwarevirtualplatform polkitd[457]: Collecting garbage unconditionally...
1707555623.804649,Feb 04 20:01:49 arsenal-vmwarevirtualplatform polkitd[457]: Collecting garbage unconditionally...
1707555623.8059297,Feb 04 20:01:51 arsenal-vmwarevirtualplatform dbus-daemon[580]: [session uid=1000 pid=580] Reloaded configuration
1707555623.8069606,"Feb 04 20:01:52 arsenal-vmwarevirtualplatform polkitd[457]: Finished loading, compiling and executing 7 rules"
1707555623.8082938,Feb 04 20:01:52 arsenal-vmwarevirtualplatform dbus-daemon[456]: [system] Reloaded configuration
1707555623.8232064,"Feb 04 20:01:56 arsenal-vmwarevirtualplatform plasmashell[740]: org.kde.plasma.pulseaudio: No object for name ""alsa_output.pci-0000_02_02.0.3.analog-stereo"""
1707555623.830115,Feb 04 20:02:06 arsenal-vmwarevirtualplatform systemd[1]: Starting Network Manager Script Dispatcher Service...
1707555623.8365817,Feb 04 20:02:29 arsenal-vmwarevirtualplatform PackageKit[17600]: daemon start
1707555623.8401048,Feb 04 20:02:30 arsenal-vmwarevirtualplatform dbus-daemon[456]: [system] Reloaded configuration
1707555623.8417115,Feb 04 20:06:06 arsenal-vmwarevirtualplatform ksmserver[18048]: MESA: error: ZINK: vkCreateInstance failed (VK_ERROR_INCOMPATIBLE_DRIVER)
1707555623.8428173,Feb 04 20:06:07 arsenal-vmwarevirtualplatform kscreenlocker_greet[18048]: kf.kirigami: Failed to find a Kirigami platform plugin
1707555623.8439162,"Feb 04 20:17:06 arsenal-vmwarevirtualplatform NetworkManager[460]: <info>  [1707058026.4090] dhcp4 (ens33): state changed new lease, address=192.168.159.141"
1707555623.8449707,Feb 04 20:17:06 arsenal-vmwarevirtualplatform systemd[1]: Started Network Manager Script Dispatcher Service.
1707555623.8461864,"Feb 04 20:22:45 arsenal-vmwarevirtualplatform NetworkManager[460]: <info>  [1707058365.4398] device (ens33): state change: activated -> deactivating (reason 'sleeping', sys-iface-state: 'managed')"
1707555623.852725,Feb 04 20:22:45 arsenal-vmwarevirtualplatform systemd[1]: Starting Network Manager Script Dispatcher Service...
1707555623.854156,"Feb 04 20:22:45 arsenal-vmwarevirtualplatform NetworkManager[460]: <info>  [1707058365.4935] device (ens33): state change: deactivating -> disconnected (reason 'sleeping', sys-iface-state: 'managed')"
1707555623.855658,"Feb 04 20:22:45 arsenal-vmwarevirtualplatform dbus-daemon[580]: [session uid=1000 pid=580] Activating service name='org.kde.kwalletd5' requested by ':1.9' (uid=1000 pid=672 comm=""/usr/bin/kded5"")"
1707555623.858737,Feb 04 20:22:46 arsenal-vmwarevirtualplatform org.kde.kwalletd5[18252]: failed to load driver: zink
1707555623.8598368,"Feb 04 20:22:46 arsenal-vmwarevirtualplatform NetworkManager[460]: <info>  [1707058366.0975] audit: op=""networking-control"" arg=""on"" pid=18384 uid=0 result=""success"""
1707555623.8608294,"Feb 04 20:22:46 arsenal-vmwarevirtualplatform NetworkManager[460]: <info>  [1707058366.1045] device (lo): state change: config -> ip-config (reason 'none', sys-iface-state: 'external')"
1707555623.8617613,Feb 04 20:22:46 arsenal-vmwarevirtualplatform NetworkManager[460]: <info>  [1707058366.1120] policy: auto-activating connection 'Wired connection 1' (18e8ffc0-8e6b-326f-9fdd-26a16c544e2a)
1707555623.8628278,"Feb 04 20:22:46 arsenal-vmwarevirtualplatform NetworkManager[460]: <info>  [1707058366.1133] device (ens33): state change: disconnected -> prepare (reason 'none', sys-iface-state: 'managed')"
1707555623.8638852,"Feb 04 20:22:46 arsenal-vmwarevirtualplatform NetworkManager[460]: <info>  [1707058366.1141] device (ens33): state change: config -> ip-config (reason 'none', sys-iface-state: 'managed')"
1707555623.8648086,"Feb 04 20:22:46 arsenal-vmwarevirtualplatform NetworkManager[460]: <info>  [1707058366.1233] device (ens33): state change: ip-config -> ip-check (reason 'none', sys-iface-state: 'managed')"
1707555623.8665695,"Feb 04 20:22:46 arsenal-vmwarevirtualplatform NetworkManager[460]: <info>  [1707058366.1255] device (ens33): Activation: successful, device activated."
1707555623.86756,Feb 04 20:22:46 arsenal-vmwarevirtualplatform kernel: usb 2-1: Product: VMware Virtual USB Video Device
1707555623.8688083,"Feb 04 20:22:46 arsenal-vmwarevirtualplatform plasmashell[740]: Could not find the Plasmoid for Plasma::FrameSvgItem(0x55c524c30080) QQmlContext(0x55c521fa3d80) QUrl(""file:///usr/share/plasma/plasmoids/org.kde.plasma.notifications/contents/ui/global/Globals.qml"")"
1707555623.8699563,Feb 04 20:22:46 arsenal-vmwarevirtualplatform pipewire[867]: [0:35:46.236965433] [867] ERROR IPAModule ipa_module.cpp:172 Symbol ipaModuleInfo not found
1707555623.8707955,"Feb 04 20:22:46 arsenal-vmwarevirtualplatform plasmashell[740]: Could not find the Plasmoid for Plasma::FrameSvgItem(0x55c52451d510) QQmlContext(0x55c521fa3d80) QUrl(""file:///usr/share/plasma/plasmoids/org.kde.plasma.notifications/contents/ui/global/Globals.qml"")"
1707555623.8720722,Feb 04 20:22:55 arsenal-vmwarevirtualplatform systemd[1]: NetworkManager-dispatcher.service: Deactivated successfully.
1707555623.8739636,Feb 04 20:23:11 arsenal-vmwarevirtualplatform plasmashell[18454]: MESA: error: ZINK: vkCreateInstance failed (VK_ERROR_INCOMPATIBLE_DRIVER)
1707555623.8750968,Feb 04 20:23:14 arsenal-vmwarevirtualplatform sddm[505]: Auth: sddm-helper (--socket /tmp/sddm-auth-d3590d85-a40e-48db-aa52-8391f5cd542d --id 1 --start /usr/bin/startplasma-x11 --user arsenal --autologin) crashed (exit code 1)
1707555623.876232,Feb 04 20:23:15 arsenal-vmwarevirtualplatform systemd[1]: Stopped target Bluetooth Support.
1707555623.877496,Feb 04 20:23:15 arsenal-vmwarevirtualplatform systemd[1]: logrotate.timer: Deactivated successfully.
1707555623.878917,Feb 04 20:23:15 arsenal-vmwarevirtualplatform systemd[1]: Stopped Generate mirrorlist weekly.
1707555623.880077,Feb 04 20:23:15 arsenal-vmwarevirtualplatform systemd[1]: systemd-rfkill.socket: Deactivated successfully.
1707555623.882476,Feb 04 20:23:15 arsenal-vmwarevirtualplatform bluetoothd[455]: Terminating
1707555623.8841865,Feb 04 20:23:15 arsenal-vmwarevirtualplatform systemd[1]: plymouth-quit-wait.service: Deactivated successfully.
1707555623.8873906,Feb 04 20:23:15 arsenal-vmwarevirtualplatform bluetoothd[455]: Stopping SDP server
1707555623.890125,Feb 04 20:23:15 arsenal-vmwarevirtualplatform systemd[1]: Stopping Open Virtual Machine Tools (VMware Tools)...
1707555623.8930464,Feb 04 20:23:15 arsenal-vmwarevirtualplatform mkinitcpio[18566]:   -> Running build hook: [sd-shutdown]
1707555623.896362,Feb 04 20:23:15 arsenal-vmwarevirtualplatform systemd[1]: Stopped Open Virtual Machine Tools (VMware Tools).
1707555623.8976898,Feb 04 20:23:15 arsenal-vmwarevirtualplatform systemd[1]: power-profiles-daemon.service: Deactivated successfully.
1707555623.898884,Feb 04 20:23:15 arsenal-vmwarevirtualplatform systemd[1]: session-1.scope: Deactivated successfully.
1707555623.9002883,"Feb 04 20:23:15 arsenal-vmwarevirtualplatform dbus-daemon[456]: [system] Activating via systemd: service name='org.bluez' unit='dbus-org.bluez.service' requested by ':1.40' (uid=1000 pid=870 comm=""/usr/bin/wireplumber"")"
1707555623.9024398,"Feb 04 20:23:15 arsenal-vmwarevirtualplatform dbus-daemon[456]: [system] Activation via systemd failed for unit 'dbus-org.bluez.service': Refusing activation, D-Bus is shutting down."
1707555623.9035704,"Feb 04 20:23:15 arsenal-vmwarevirtualplatform plasmashell[740]: XIO:  fatal IO error 22 (Invalid argument) on X server "":0"""
1707555623.9065363,Feb 04 20:23:15 arsenal-vmwarevirtualplatform plasmashell[740]: The X11 connection broke (error 1). Did the X11 server die?
1707555623.9075856,Feb 04 20:23:15 arsenal-vmwarevirtualplatform systemd[558]: Stopped target plasma-workspace-x11.target.
1707555623.908829,Feb 04 20:23:15 arsenal-vmwarevirtualplatform systemd[558]: Stopping Accessibility...
1707555623.912079,Feb 04 20:23:15 arsenal-vmwarevirtualplatform systemd[558]: Stopping Bluetooth OBEX service...
1707555623.9151013,Feb 04 20:23:15 arsenal-vmwarevirtualplatform systemd[558]: Stopping Portal service...
1707555623.916251,Feb 04 20:23:15 arsenal-vmwarevirtualplatform systemd[558]: Stopped PipeWire PulseAudio.
1707555623.9197974,Feb 04 20:23:15 arsenal-vmwarevirtualplatform systemd[558]: Stopped User preferences database.
1707555623.9212427,Feb 04 20:23:15 arsenal-vmwarevirtualplatform systemd[558]: Stopped Bluetooth OBEX service.
1707555623.9229116,Feb 04 20:23:15 arsenal-vmwarevirtualplatform systemd[1]: Stopped Authorization Manager.
1707555623.9239163,Feb 04 20:23:15 arsenal-vmwarevirtualplatform systemd[1]: run-user-1000-doc.mount: Deactivated successfully.
1707555623.9268494,Feb 04 20:23:15 arsenal-vmwarevirtualplatform systemd[558]: Stopped KDE Daemon.
1707555623.929849,Feb 04 20:23:15 arsenal-vmwarevirtualplatform systemd[558]: Stopped KDE PolicyKit Authentication Agent.
1707555623.9322884,Feb 04 20:23:15 arsenal-vmwarevirtualplatform systemd[558]: Stopped target KDE Plasma Workspace Core.
1707555623.9338639,Feb 04 20:23:15 arsenal-vmwarevirtualplatform systemd[558]: Stopped PipeWire Multimedia Service.
1707555623.9350657,"Feb 04 20:23:15 arsenal-vmwarevirtualplatform systemd[558]: plasma-plasmashell.service: Consumed 32.742s CPU time, 308.1M memory peak, 0B memory swap peak."
1707555623.9381857,Feb 04 20:23:15 arsenal-vmwarevirtualplatform systemd[558]: Stopped target Sockets.
1707555623.9404979,Feb 04 20:23:15 arsenal-vmwarevirtualplatform systemd[558]: Closed GnuPG cryptographic agent and passphrase cache.
1707555623.9435234,Feb 04 20:23:15 arsenal-vmwarevirtualplatform systemd[558]: Reached target Shutdown.
1707555623.9465134,Feb 04 20:23:15 arsenal-vmwarevirtualplatform systemd[1]: Stopped Terminate Plymouth Boot Screen.
1707555623.9483857,Feb 04 20:23:16 arsenal-vmwarevirtualplatform systemd[1]: systemd-logind.service: Deactivated successfully.
1707555623.9498568,Feb 04 20:23:16 arsenal-vmwarevirtualplatform systemd[1]: systemd-user-sessions.service: Deactivated successfully.
1707555623.9524813,Feb 04 20:23:16 arsenal-vmwarevirtualplatform systemd[1]: Stopping Network Manager...
1707555623.9540503,Feb 04 20:23:16 arsenal-vmwarevirtualplatform NetworkManager[460]: <info>  [1707058396.2924] exiting (success)
1707555623.9568098,Feb 04 20:23:16 arsenal-vmwarevirtualplatform systemd[1]: Stopped target Basic System.
1707555623.960647,"Feb 04 20:23:16 arsenal-vmwarevirtualplatform systemd[1]: user.slice: Consumed 4min 27ms CPU time, 1.3G memory peak, 0B memory swap peak."
1707555623.962539,Feb 04 20:23:16 arsenal-vmwarevirtualplatform systemd[1]: proc-sys-fs-binfmt_misc.automount: Deactivated successfully.
1707555623.9675074,Feb 04 20:23:16 arsenal-vmwarevirtualplatform systemd[1]: systemd-ask-password-wall.path: Deactivated successfully.
1707555623.9702568,Feb 04 20:23:16 arsenal-vmwarevirtualplatform systemd[1]: systemd-update-done.service: Deactivated successfully.
1707555623.9727035,Feb 04 20:23:16 arsenal-vmwarevirtualplatform systemd[1]: Stopped Record System Boot/Shutdown in UTMP.
1707555623.9764435,Feb 04 20:23:16 arsenal-vmwarevirtualplatform systemd[1]: Stopped Create Static Device Nodes in /dev.
1707555623.9778926,Feb 04 20:23:16 arsenal-vmwarevirtualplatform systemd[1]: Stopped target Swaps.
1707555623.9794953,Feb 04 20:23:16 arsenal-vmwarevirtualplatform systemd[1]: dev-disk-by\x2dpath-pci\x2d0000:00:10.0\x2dscsi\x2d0:0:0:0\x2dpart2.swap: Deactivated successfully.
1707555623.9807575,Feb 04 20:23:16 arsenal-vmwarevirtualplatform systemd[1]: Reached target System Shutdown.
1707555623.982058,Feb 04 20:23:16 arsenal-vmwarevirtualplatform systemd-journald[307]: Received SIGTERM from PID 1 (systemd-shutdow).
1707555623.9837813,Feb 05 00:22:19 arsenal-vmwarevirtualplatform kernel: BIOS-e820: [mem 0x000000000009ec00-0x000000000009ffff] reserved
1707555623.989672,Feb 05 00:22:19 arsenal-vmwarevirtualplatform kernel: BIOS-e820: [mem 0x00000000fffe0000-0x00000000ffffffff] reserved
1707555623.991286,Feb 05 00:22:19 arsenal-vmwarevirtualplatform kernel: vmware: hypercall mode: 0x02
1707555623.9947455,Feb 05 00:22:19 arsenal-vmwarevirtualplatform kernel: total RAM covered: 261120M
1707555623.996264,Feb 05 00:22:19 arsenal-vmwarevirtualplatform kernel: RAMDISK: [mem 0x351a5000-0x368c9fff]
1707555623.9980087,Feb 05 00:22:19 arsenal-vmwarevirtualplatform kernel: ACPI: BOOT 0x00000000BFEDCFB4 000028 (v01 PTLTD  $SBFTBL$ 06040000  LTP 00000001)
1707555623.9998755,Feb 05 00:22:19 arsenal-vmwarevirtualplatform kernel: ACPI: Reserving BOOT table memory at [mem 0xbfedcfb4-0xbfedcfdb]
1707555624.0048635,Feb 05 00:22:19 arsenal-vmwarevirtualplatform kernel: SRAT: PXM 0 -> APIC 0x02 -> Node 0
1707555624.0087304,Feb 05 00:22:19 arsenal-vmwarevirtualplatform kernel: SRAT: PXM 0 -> APIC 0x18 -> Node 0
1707555624.0114515,Feb 05 00:22:19 arsenal-vmwarevirtualplatform kernel: SRAT: PXM 0 -> APIC 0x28 -> Node 0
1707555624.0128312,Feb 05 00:22:19 arsenal-vmwarevirtualplatform kernel: SRAT: PXM 0 -> APIC 0x34 -> Node 0
1707555624.0158436,Feb 05 00:22:19 arsenal-vmwarevirtualplatform kernel: SRAT: PXM 0 -> APIC 0x44 -> Node 0
1707555624.0207229,Feb 05 00:22:19 arsenal-vmwarevirtualplatform kernel: SRAT: PXM 0 -> APIC 0x54 -> Node 0
1707555624.0225651,Feb 05 00:22:19 arsenal-vmwarevirtualplatform kernel: SRAT: PXM 0 -> APIC 0x5e -> Node 0
1707555624.0261602,Feb 05 00:22:19 arsenal-vmwarevirtualplatform kernel: SRAT: PXM 0 -> APIC 0x6e -> Node 0
1707555624.0275474,Feb 05 00:22:19 arsenal-vmwarevirtualplatform kernel: SRAT: PXM 0 -> APIC 0x7c -> Node 0
1707555624.031655,Feb 05 00:22:19 arsenal-vmwarevirtualplatform kernel: SRAT: PXM 0 -> APIC 0x90 -> Node 0
1707555624.034335,Feb 05 00:22:19 arsenal-vmwarevirtualplatform kernel: SRAT: PXM 0 -> APIC 0xa2 -> Node 0
1707555624.0377195,Feb 05 00:22:19 arsenal-vmwarevirtualplatform kernel: SRAT: PXM 0 -> APIC 0xb0 -> Node 0
1707555624.042405,Feb 05 00:22:19 arsenal-vmwarevirtualplatform kernel: SRAT: PXM 0 -> APIC 0xc0 -> Node 0
1707555624.0451546,Feb 05 00:22:19 arsenal-vmwarevirtualplatform kernel: SRAT: PXM 0 -> APIC 0xcc -> Node 0
1707555624.050366,Feb 05 00:22:19 arsenal-vmwarevirtualplatform kernel: SRAT: PXM 0 -> APIC 0xd8 -> Node 0
1707555624.0557578,Feb 05 00:22:19 arsenal-vmwarevirtualplatform kernel: SRAT: PXM 0 -> APIC 0xe2 -> Node 0
1707555624.0590134,Feb 05 00:22:19 arsenal-vmwarevirtualplatform kernel: SRAT: PXM 0 -> APIC 0xe8 -> Node 0
1707555624.0606143,Feb 05 00:22:19 arsenal-vmwarevirtualplatform kernel: SRAT: PXM 0 -> APIC 0xf0 -> Node 0
1707555624.0623832,Feb 05 00:22:19 arsenal-vmwarevirtualplatform kernel: SRAT: PXM 0 -> APIC 0xf8 -> Node 0
1707555624.065305,Feb 05 00:22:19 arsenal-vmwarevirtualplatform kernel: ACPI: SRAT: Node 0 PXM 0 [mem 0x100000000-0x23fffffff]
1707555624.068112,Feb 05 00:22:19 arsenal-vmwarevirtualplatform kernel:   DMA      [mem 0x0000000000001000-0x0000000000ffffff]
1707555624.0716596,Feb 05 00:22:19 arsenal-vmwarevirtualplatform kernel:   Device   empty
1707555624.0744975,Feb 05 00:22:19 arsenal-vmwarevirtualplatform kernel:   node   0: [mem 0x0000000000001000-0x000000000009dfff]
1707555624.0762866,Feb 05 00:22:19 arsenal-vmwarevirtualplatform kernel:   node   0: [mem 0x0000000100000000-0x000000023fffffff]
1707555624.0777607,"Feb 05 00:22:19 arsenal-vmwarevirtualplatform kernel: On node 0, zone DMA: 98 pages in unavailable ranges"
1707555624.0794818,Feb 05 00:22:19 arsenal-vmwarevirtualplatform kernel: system APIC only can use physical flat
1707555624.081518,Feb 05 00:22:19 arsenal-vmwarevirtualplatform kernel: ACPI: LAPIC_NMI (acpi_id[0x02] high edge lint[0x1])
1707555624.0839324,Feb 05 00:22:19 arsenal-vmwarevirtualplatform kernel: ACPI: LAPIC_NMI (acpi_id[0x05] high edge lint[0x1])
1707555624.088451,Feb 05 00:22:19 arsenal-vmwarevirtualplatform kernel: ACPI: LAPIC_NMI (acpi_id[0x08] high edge lint[0x1])
1707555624.0911796,Feb 05 00:22:19 arsenal-vmwarevirtualplatform kernel: ACPI: LAPIC_NMI (acpi_id[0x0d] high edge lint[0x1])
1707555624.0947893,Feb 05 00:22:19 arsenal-vmwarevirtualplatform kernel: ACPI: LAPIC_NMI (acpi_id[0x10] high edge lint[0x1])
1707555624.0962248,Feb 05 00:22:19 arsenal-vmwarevirtualplatform kernel: ACPI: LAPIC_NMI (acpi_id[0x14] high edge lint[0x1])
1707555624.0983005,Feb 05 00:22:19 arsenal-vmwarevirtualplatform kernel: ACPI: LAPIC_NMI (acpi_id[0x1a] high edge lint[0x1])
1707555624.1007323,Feb 05 00:22:19 arsenal-vmwarevirtualplatform kernel: ACPI: LAPIC_NMI (acpi_id[0x21] high edge lint[0x1])
1707555624.103526,Feb 05 00:22:19 arsenal-vmwarevirtualplatform kernel: ACPI: LAPIC_NMI (acpi_id[0x24] high edge lint[0x1])
1707555624.105802,Feb 05 00:22:19 arsenal-vmwarevirtualplatform kernel: ACPI: LAPIC_NMI (acpi_id[0x29] high edge lint[0x1])
1707555624.1072452,Feb 05 00:22:19 arsenal-vmwarevirtualplatform kernel: ACPI: LAPIC_NMI (acpi_id[0x2e] high edge lint[0x1])
1707555624.1093931,Feb 05 00:22:19 arsenal-vmwarevirtualplatform kernel: ACPI: LAPIC_NMI (acpi_id[0x34] high edge lint[0x1])
1707555624.1106648,Feb 05 00:22:19 arsenal-vmwarevirtualplatform kernel: ACPI: LAPIC_NMI (acpi_id[0x39] high edge lint[0x1])
1707555624.1122072,Feb 05 00:22:19 arsenal-vmwarevirtualplatform kernel: ACPI: LAPIC_NMI (acpi_id[0x3d] high edge lint[0x1])
1707555624.1137006,Feb 05 00:22:19 arsenal-vmwarevirtualplatform kernel: ACPI: LAPIC_NMI (acpi_id[0x43] high edge lint[0x1])
1707555624.1150413,Feb 05 00:22:19 arsenal-vmwarevirtualplatform kernel: ACPI: LAPIC_NMI (acpi_id[0x49] high edge lint[0x1])
1707555624.1170232,Feb 05 00:22:19 arsenal-vmwarevirtualplatform kernel: ACPI: LAPIC_NMI (acpi_id[0x4e] high edge lint[0x1])
1707555624.1193538,Feb 05 00:22:19 arsenal-vmwarevirtualplatform kernel: ACPI: LAPIC_NMI (acpi_id[0x57] high edge lint[0x1])
1707555624.1218662,Feb 05 00:22:19 arsenal-vmwarevirtualplatform kernel: ACPI: LAPIC_NMI (acpi_id[0x61] high edge lint[0x1])
1707555624.1261988,Feb 05 00:22:19 arsenal-vmwarevirtualplatform kernel: ACPI: LAPIC_NMI (acpi_id[0x69] high edge lint[0x1])
1707555624.1280386,Feb 05 00:22:19 arsenal-vmwarevirtualplatform kernel: ACPI: LAPIC_NMI (acpi_id[0x72] high edge lint[0x1])
1707555624.13031,Feb 05 00:22:19 arsenal-vmwarevirtualplatform kernel: ACPI: LAPIC_NMI (acpi_id[0x7b] high edge lint[0x1])
1707555624.1341996,Feb 05 00:22:19 arsenal-vmwarevirtualplatform kernel: TSC deadline timer available
1707555624.137617,Feb 05 00:22:19 arsenal-vmwarevirtualplatform kernel: PM: hibernation: Registered nosave memory: [mem 0xf0000000-0xf7ffffff]
1707555624.141264,Feb 05 00:22:19 arsenal-vmwarevirtualplatform kernel: PM: hibernation: Registered nosave memory: [mem 0xfffe0000-0xffffffff]
1707555624.144519,Feb 05 00:22:19 arsenal-vmwarevirtualplatform kernel: pcpu-alloc: [0] 016 017 018 019 020 021 022 023 
1707555624.1491668,Feb 05 00:22:19 arsenal-vmwarevirtualplatform kernel: pcpu-alloc: [0] 096 097 098 099 100 101 102 103 
1707555624.1565115,Feb 05 00:22:19 arsenal-vmwarevirtualplatform kernel: printk: log_buf_len individual max cpu contribution: 4096 bytes
1707555624.158048,Feb 05 00:22:19 arsenal-vmwarevirtualplatform kernel: Policy zone: Normal
1707555624.159724,Feb 05 00:22:19 arsenal-vmwarevirtualplatform kernel: ftrace: allocating 49011 entries in 192 pages
1707555624.1631458,Feb 05 00:22:19 arsenal-vmwarevirtualplatform kernel: rcu:         RCU priority boosting: priority 1 delay 500 ms.
1707555624.1657822,Feb 05 00:22:19 arsenal-vmwarevirtualplatform kernel:         Tracing variant of Tasks RCU enabled.
1707555624.1684637,Feb 05 00:22:19 arsenal-vmwarevirtualplatform kernel: rcu: srcu_init: Setting srcu_struct sizes to big.
1707555624.1772664,Feb 05 00:22:19 arsenal-vmwarevirtualplatform kernel: printk: console [tty0] enabled
1707555624.1807752,Feb 05 00:22:19 arsenal-vmwarevirtualplatform kernel: APIC: Switch to symmetric I/O mode setup
1707555624.182695,"Feb 05 00:22:19 arsenal-vmwarevirtualplatform kernel: clocksource: tsc-early: mask: 0xffffffffffffffff max_cycles: 0x2135f7c97c8, max_idle_ns: 440795273205 ns"
1707555624.1852024,Feb 05 00:22:19 arsenal-vmwarevirtualplatform kernel: Spectre V2 : Mitigation: Enhanced / Automatic IBRS
1707555624.1874683,Feb 05 00:22:19 arsenal-vmwarevirtualplatform kernel: RETBleed: Mitigation: Enhanced IBRS
1707555624.192844,Feb 05 00:22:19 arsenal-vmwarevirtualplatform kernel: SRBDS: Unknown: Dependent on hypervisor status
1707555624.193979,Feb 05 00:22:19 arsenal-vmwarevirtualplatform kernel: x86/fpu: Supporting XSAVE feature 0x004: 'AVX registers'
1707555624.1950738,Feb 05 00:22:19 arsenal-vmwarevirtualplatform kernel: landlock: Up and running.
1707555624.1962583,Feb 05 00:22:19 arsenal-vmwarevirtualplatform kernel: RCU Tasks: Setting shift to 7 and lim to 1 rcu_task_cb_adjust=1.
1707555624.198014,Feb 05 00:22:19 arsenal-vmwarevirtualplatform kernel: core: CPUID marked event: 'bus cycles' unavailable
1707555624.2023866,Feb 05 00:22:19 arsenal-vmwarevirtualplatform kernel: core: CPUID marked event: 'branch instructions' unavailable
1707555624.2040322,Feb 05 00:22:19 arsenal-vmwarevirtualplatform kernel: ... fixed-purpose events:   0
1707555624.2054095,Feb 05 00:22:19 arsenal-vmwarevirtualplatform kernel: NMI watchdog: Perf NMI watchdog permanently disabled
1707555624.2078574,Feb 05 00:22:19 arsenal-vmwarevirtualplatform kernel: Disabled fast string operations
1707555624.209119,Feb 05 00:22:19 arsenal-vmwarevirtualplatform kernel: smpboot: CPU 2 Converting physical 4 to logical package 2
1707555624.210218,Feb 05 00:22:19 arsenal-vmwarevirtualplatform kernel: smpboot: CPU 3 Converting physical 0 to logical die 3
1707555624.2116208,Feb 05 00:22:19 arsenal-vmwarevirtualplatform kernel: smpboot: CPU 5 Converting physical 0 to logical die 5
1707555624.213033,Feb 05 00:22:19 arsenal-vmwarevirtualplatform kernel: Disabled fast string operations
1707555624.214331,Feb 05 00:22:19 arsenal-vmwarevirtualplatform kernel: smpboot: Total of 8 processors activated (36878.00 BogoMIPS)
1707555624.2157967,"Feb 05 00:22:19 arsenal-vmwarevirtualplatform kernel: futex hash table entries: 32768 (order: 9, 2097152 bytes, linear)"
1707555624.2182286,Feb 05 00:22:19 arsenal-vmwarevirtualplatform kernel: DMA: preallocated 1024 KiB GFP_KERNEL pool for atomic allocations
1707555624.2201726,Feb 05 00:22:19 arsenal-vmwarevirtualplatform kernel: audit: type=2000 audit(1707072736.053:1): state=initialized audit_enabled=0 res=1
1707555624.222659,Feb 05 00:22:19 arsenal-vmwarevirtualplatform kernel: acpiphp: ACPI Hot Plug PCI Controller Driver version: 0.5
1707555624.2239943,"Feb 05 00:22:19 arsenal-vmwarevirtualplatform kernel: HugeTLB: registered 2.00 MiB page size, pre-allocated 0 pages"
1707555624.227031,"Feb 05 00:22:19 arsenal-vmwarevirtualplatform kernel: ACPI: _OSC evaluation for CPUs failed, trying _PDC"
1707555624.2288263,Feb 05 00:22:19 arsenal-vmwarevirtualplatform kernel: acpi PNP0A03:00: _OSC: OS supports [ExtendedConfig ASPM ClockPM Segments MSI EDR HPX-Type3]
1707555624.2356696,Feb 05 00:22:19 arsenal-vmwarevirtualplatform kernel: pci_bus 0000:00: root bus resource [io  0x0d00-0xfeff window]
1707555624.2376297,Feb 05 00:22:19 arsenal-vmwarevirtualplatform kernel: pci 0000:00:07.1: legacy IDE quirk: reg 0x14: [io  0x03f6]
1707555624.2391055,Feb 05 00:22:19 arsenal-vmwarevirtualplatform kernel: pci 0000:00:07.7: reg 0x14: [mem 0xfebc0000-0xfebfffff 64bit]
1707555624.2406895,Feb 05 00:22:19 arsenal-vmwarevirtualplatform kernel: pci 0000:00:10.0: reg 0x10: [io  0x1400-0x14ff]
1707555624.244705,Feb 05 00:22:19 arsenal-vmwarevirtualplatform kernel: pci 0000:00:15.0: PME# supported from D0 D3hot D3cold
1707555624.2477877,Feb 05 00:22:19 arsenal-vmwarevirtualplatform kernel: pci 0000:00:15.4: PME# supported from D0 D3hot D3cold
1707555624.249983,Feb 05 00:22:19 arsenal-vmwarevirtualplatform kernel: pci 0000:00:16.1: [15ad:07a0] type 01 class 0x060400
1707555624.2523153,Feb 05 00:22:19 arsenal-vmwarevirtualplatform kernel: pci 0000:00:16.5: [15ad:07a0] type 01 class 0x060400
1707555624.2544944,Feb 05 00:22:19 arsenal-vmwarevirtualplatform kernel: pci 0000:00:17.1: PME# supported from D0 D3hot D3cold
1707555624.2564626,Feb 05 00:22:19 arsenal-vmwarevirtualplatform kernel: pci 0000:00:17.5: PME# supported from D0 D3hot D3cold
1707555624.2582645,Feb 05 00:22:19 arsenal-vmwarevirtualplatform kernel: pci 0000:00:18.1: PME# supported from D0 D3hot D3cold
1707555624.2597358,Feb 05 00:22:19 arsenal-vmwarevirtualplatform kernel: pci 0000:00:18.6: [15ad:07a0] type 01 class 0x060400
1707555624.2610412,Feb 05 00:22:19 arsenal-vmwarevirtualplatform kernel: acpiphp: Slot [33] registered
1707555624.2642741,Feb 05 00:22:19 arsenal-vmwarevirtualplatform kernel: acpiphp: Slot [41] registered
1707555624.2658772,Feb 05 00:22:19 arsenal-vmwarevirtualplatform kernel: acpiphp: Slot [49] registered
1707555624.2693412,Feb 05 00:22:19 arsenal-vmwarevirtualplatform kernel: acpiphp: Slot [57] registered
1707555624.27079,Feb 05 00:22:19 arsenal-vmwarevirtualplatform kernel: pci 0000:02:00.0: reg 0x20: [io  0x2080-0x209f]
1707555624.2723775,Feb 05 00:22:19 arsenal-vmwarevirtualplatform kernel: pci 0000:02:02.0: reg 0x10: [io  0x2040-0x207f]
1707555624.2739134,Feb 05 00:22:19 arsenal-vmwarevirtualplatform kernel: pci 0000:00:11.0:   bridge window [mem 0x000a0000-0x000bffff window] (subtractive decode)
1707555624.2773147,Feb 05 00:22:19 arsenal-vmwarevirtualplatform kernel: pci 0000:00:15.1: PCI bridge to [bus 04]
1707555624.2784936,Feb 05 00:22:19 arsenal-vmwarevirtualplatform kernel: pci 0000:00:15.2:   bridge window [mem 0xe7200000-0xe72fffff 64bit pref]
1707555624.2814999,Feb 05 00:22:19 arsenal-vmwarevirtualplatform kernel: pci 0000:00:15.4:   bridge window [mem 0xe6a00000-0xe6afffff 64bit pref]
1707555624.2860615,Feb 05 00:22:19 arsenal-vmwarevirtualplatform kernel: pci 0000:00:15.7:   bridge window [mem 0xfb800000-0xfb8fffff]
1707555624.2879155,Feb 05 00:22:19 arsenal-vmwarevirtualplatform kernel: pci 0000:00:16.1:   bridge window [mem 0xe7500000-0xe75fffff 64bit pref]
1707555624.2893825,Feb 05 00:22:19 arsenal-vmwarevirtualplatform kernel: pci 0000:00:16.4:   bridge window [mem 0xfc300000-0xfc3fffff]
1707555624.2906132,Feb 05 00:22:19 arsenal-vmwarevirtualplatform kernel: pci 0000:00:16.7: PCI bridge to [bus 12]
1707555624.2920947,Feb 05 00:22:19 arsenal-vmwarevirtualplatform kernel: pci 0000:00:17.1:   bridge window [io  0xa000-0xafff]
1707555624.2934604,Feb 05 00:22:19 arsenal-vmwarevirtualplatform kernel: pci 0000:00:17.3:   bridge window [mem 0xfc600000-0xfc6fffff]
1707555624.2945552,Feb 05 00:22:19 arsenal-vmwarevirtualplatform kernel: pci 0000:00:17.6: PCI bridge to [bus 19]
1707555624.2961073,Feb 05 00:22:19 arsenal-vmwarevirtualplatform kernel: pci 0000:00:18.0:   bridge window [mem 0xfd100000-0xfd1fffff]
1707555624.2978864,Feb 05 00:22:19 arsenal-vmwarevirtualplatform kernel: pci 0000:00:18.3: PCI bridge to [bus 1e]
1707555624.3000538,Feb 05 00:22:19 arsenal-vmwarevirtualplatform kernel: pci 0000:00:18.6: PCI bridge to [bus 21]
1707555624.3020298,Feb 05 00:22:19 arsenal-vmwarevirtualplatform kernel: ACPI: PCI: Interrupt link LNKC configured for IRQ 10
1707555624.3034854,Feb 05 00:22:19 arsenal-vmwarevirtualplatform kernel: usbcore: registered new interface driver usbfs
1707555624.306508,Feb 05 00:22:19 arsenal-vmwarevirtualplatform kernel: NetLabel:  domain hash size = 128
1707555624.307945,Feb 05 00:22:19 arsenal-vmwarevirtualplatform kernel: e820: reserve RAM buffer [mem 0xbfed0000-0xbfffffff]
1707555624.3096986,Feb 05 00:22:19 arsenal-vmwarevirtualplatform kernel: VFS: Disk quotas dquot_6.6.0
1707555624.3111782,Feb 05 00:22:19 arsenal-vmwarevirtualplatform kernel: system 00:05: [mem 0xfe800000-0xfe9fffff] has been reserved
1707555624.312744,Feb 05 00:22:19 arsenal-vmwarevirtualplatform kernel: TCP: Hash tables configured (established 65536 bind 65536)
1707555624.3143852,Feb 05 00:22:19 arsenal-vmwarevirtualplatform kernel: pci 0000:00:15.5: bridge window [io  0x1000-0x0fff] to [bus 08] add_size 1000
1707555624.3163033,Feb 05 00:22:19 arsenal-vmwarevirtualplatform kernel: pci 0000:00:17.3: bridge window [io  0x1000-0x0fff] to [bus 16] add_size 1000
1707555624.319197,Feb 05 00:22:19 arsenal-vmwarevirtualplatform kernel: pci 0000:00:18.5: bridge window [io  0x1000-0x0fff] to [bus 20] add_size 1000
1707555624.3207865,Feb 05 00:22:19 arsenal-vmwarevirtualplatform kernel: pci 0000:00:15.5: BAR 13: no space for [io  size 0x1000]
1707555624.32254,Feb 05 00:22:19 arsenal-vmwarevirtualplatform kernel: pci 0000:00:16.4: BAR 13: failed to assign [io  size 0x1000]
1707555624.3243327,Feb 05 00:22:19 arsenal-vmwarevirtualplatform kernel: pci 0000:00:17.4: BAR 13: no space for [io  size 0x1000]
1707555624.3259118,Feb 05 00:22:19 arsenal-vmwarevirtualplatform kernel: pci 0000:00:17.7: BAR 13: failed to assign [io  size 0x1000]
1707555624.328828,Feb 05 00:22:19 arsenal-vmwarevirtualplatform kernel: pci 0000:00:18.5: BAR 13: no space for [io  size 0x1000]
1707555624.3321126,Feb 05 00:22:19 arsenal-vmwarevirtualplatform kernel: pci 0000:00:18.6: BAR 13: failed to assign [io  size 0x1000]
1707555624.3346224,Feb 05 00:22:19 arsenal-vmwarevirtualplatform kernel: pci 0000:00:17.7: BAR 13: no space for [io  size 0x1000]
1707555624.3367884,Feb 05 00:22:19 arsenal-vmwarevirtualplatform kernel: pci 0000:00:17.3: BAR 13: no space for [io  size 0x1000]
1707555624.339401,Feb 05 00:22:19 arsenal-vmwarevirtualplatform kernel: pci 0000:00:16.5: BAR 13: failed to assign [io  size 0x1000]
1707555624.3428109,Feb 05 00:22:19 arsenal-vmwarevirtualplatform kernel: pci 0000:00:15.5: BAR 13: no space for [io  size 0x1000]
1707555624.3448803,Feb 05 00:22:19 arsenal-vmwarevirtualplatform kernel: pci 0000:00:11.0:   bridge window [io  0x2000-0x3fff]
1707555624.3464177,Feb 05 00:22:19 arsenal-vmwarevirtualplatform kernel: pci 0000:00:15.2: PCI bridge to [bus 05]
1707555624.3501337,Feb 05 00:22:19 arsenal-vmwarevirtualplatform kernel: pci 0000:00:15.5:   bridge window [mem 0xfc000000-0xfc0fffff]
1707555624.3533618,Feb 05 00:22:19 arsenal-vmwarevirtualplatform kernel: pci 0000:00:16.0:   bridge window [io  0x5000-0x5fff]
1707555624.3554082,Feb 05 00:22:19 arsenal-vmwarevirtualplatform kernel: pci 0000:00:16.2:   bridge window [mem 0xfcb00000-0xfcbfffff]
1707555624.3585298,Feb 05 00:22:19 arsenal-vmwarevirtualplatform kernel: pci 0000:00:16.6: PCI bridge to [bus 11]
1707555624.360525,Feb 05 00:22:19 arsenal-vmwarevirtualplatform kernel: pci 0000:00:17.0:   bridge window [mem 0xe7800000-0xe78fffff 64bit pref]
1707555624.3628316,Feb 05 00:22:19 arsenal-vmwarevirtualplatform kernel: pci 0000:00:17.2:   bridge window [mem 0xe7000000-0xe70fffff 64bit pref]
1707555624.3662112,Feb 05 00:22:19 arsenal-vmwarevirtualplatform kernel: pci 0000:00:17.5:   bridge window [mem 0xfbe00000-0xfbefffff]
1707555624.3731797,Feb 05 00:22:19 arsenal-vmwarevirtualplatform kernel: pci 0000:00:18.0:   bridge window [io  0x7000-0x7fff]
1707555624.375573,Feb 05 00:22:19 arsenal-vmwarevirtualplatform kernel: pci 0000:00:18.2: PCI bridge to [bus 1d]
1707555624.3784673,Feb 05 00:22:19 arsenal-vmwarevirtualplatform kernel: pci 0000:00:18.4:   bridge window [mem 0xe6700000-0xe67fffff 64bit pref]
1707555624.3799958,Feb 05 00:22:19 arsenal-vmwarevirtualplatform kernel: pci 0000:00:18.7:   bridge window [mem 0xfb500000-0xfb5fffff]
1707555624.3814657,Feb 05 00:22:19 arsenal-vmwarevirtualplatform kernel: pci_bus 0000:02: resource 1 [mem 0xfd500000-0xfdffffff]
1707555624.3835685,Feb 05 00:22:19 arsenal-vmwarevirtualplatform kernel: pci_bus 0000:03: resource 1 [mem 0xfd400000-0xfd4fffff]
1707555624.3857381,Feb 05 00:22:19 arsenal-vmwarevirtualplatform kernel: pci_bus 0000:06: resource 2 [mem 0xe6e00000-0xe6efffff 64bit pref]
1707555624.3875103,Feb 05 00:22:19 arsenal-vmwarevirtualplatform kernel: pci_bus 0000:0b: resource 0 [io  0x5000-0x5fff]
1707555624.3891847,Feb 05 00:22:19 arsenal-vmwarevirtualplatform kernel: pci_bus 0000:0e: resource 1 [mem 0xfc700000-0xfc7fffff]
1707555624.3905733,Feb 05 00:22:19 arsenal-vmwarevirtualplatform kernel: pci_bus 0000:12: resource 1 [mem 0xfb700000-0xfb7fffff]
1707555624.3922794,Feb 05 00:22:19 arsenal-vmwarevirtualplatform kernel: pci_bus 0000:15: resource 1 [mem 0xfca00000-0xfcafffff]
1707555624.39391,Feb 05 00:22:19 arsenal-vmwarevirtualplatform kernel: pci_bus 0000:19: resource 2 [mem 0xe6000000-0xe60fffff 64bit pref]
1707555624.3955243,Feb 05 00:22:19 arsenal-vmwarevirtualplatform kernel: pci_bus 0000:1c: resource 0 [io  0xb000-0xbfff]
1707555624.3991573,Feb 05 00:22:19 arsenal-vmwarevirtualplatform kernel: pci_bus 0000:20: resource 2 [mem 0xe6300000-0xe63fffff 64bit pref]
1707555624.411338,Feb 05 00:22:19 arsenal-vmwarevirtualplatform kernel: clocksource: Switched to clocksource tsc
1707555624.4208827,Feb 05 00:22:19 arsenal-vmwarevirtualplatform kernel: pcieport 0000:00:15.1: PME: Signaling with IRQ 25
1707555624.4282544,Feb 05 00:22:19 arsenal-vmwarevirtualplatform kernel: pcieport 0000:00:15.7: pciehp: Slot #167 AttnBtn+ PwrCtrl+ MRL- AttnInd- PwrInd- HotPlug+ Surprise- Interlock- NoCompl+ IbPresDis- LLActRep+
1707555624.4356997,Feb 05 00:22:19 arsenal-vmwarevirtualplatform kernel: pcieport 0000:00:16.4: PME: Signaling with IRQ 36
1707555624.442087,Feb 05 00:22:19 arsenal-vmwarevirtualplatform kernel: pcieport 0000:00:17.7: pciehp: Slot #231 AttnBtn+ PwrCtrl+ MRL- AttnInd- PwrInd- HotPlug+ Surprise- Interlock- NoCompl+ IbPresDis- LLActRep+
1707555624.4450617,Feb 05 00:22:19 arsenal-vmwarevirtualplatform kernel: pcieport 0000:00:18.1: PME: Signaling with IRQ 49
1707555624.4467099,Feb 05 00:22:19 arsenal-vmwarevirtualplatform kernel: pcieport 0000:00:18.2: pciehp: Slot #258 AttnBtn+ PwrCtrl+ MRL- AttnInd- PwrInd- HotPlug+ Surprise- Interlock- NoCompl+ IbPresDis- LLActRep+
1707555624.449261,Feb 05 00:22:19 arsenal-vmwarevirtualplatform kernel: pcieport 0000:00:18.4: pciehp: Slot #260 AttnBtn+ PwrCtrl+ MRL- AttnInd- PwrInd- HotPlug+ Surprise- Interlock- NoCompl+ IbPresDis- LLActRep+
1707555624.4543912,Feb 05 00:22:19 arsenal-vmwarevirtualplatform kernel: pcieport 0000:00:18.7: PME: Signaling with IRQ 55
1707555624.4557195,Feb 05 00:22:19 arsenal-vmwarevirtualplatform kernel: ACPI: button: Power Button [PWRF]
1707555624.4577057,Feb 05 00:22:19 arsenal-vmwarevirtualplatform kernel: ACPI: bus type drm_connector registered
1707555624.4604344,Feb 05 00:22:19 arsenal-vmwarevirtualplatform kernel: simple-framebuffer simple-framebuffer.0: [drm] fb0: simpledrmdrmfb frame buffer device
1707555624.463273,"Feb 05 00:22:19 arsenal-vmwarevirtualplatform kernel: usb usb1: New USB device strings: Mfr=3, Product=2, SerialNumber=1"
1707555624.4701452,Feb 05 00:22:19 arsenal-vmwarevirtualplatform kernel: uhci_hcd 0000:02:00.0: UHCI Host Controller
1707555624.4735842,Feb 05 00:22:19 arsenal-vmwarevirtualplatform kernel: usb usb2: Manufacturer: Linux 6.6.10-1-MANJARO uhci_hcd
1707555624.4752557,Feb 05 00:22:19 arsenal-vmwarevirtualplatform kernel: usbcore: registered new interface driver usbserial_generic
1707555624.4785495,"Feb 05 00:22:19 arsenal-vmwarevirtualplatform kernel: rtc_cmos 00:01: alarms up to one month, y3k, 114 bytes nvram"
1707555624.4812326,Feb 05 00:22:19 arsenal-vmwarevirtualplatform kernel: hid: raw HID events driver (C) Jiri Kosina
1707555624.483665,Feb 05 00:22:19 arsenal-vmwarevirtualplatform kernel: NET: Registered PF_INET6 protocol family
1707555624.4873748,Feb 05 00:22:19 arsenal-vmwarevirtualplatform kernel: RPL Segment Routing with IPv6
1707555624.4897177,Feb 05 00:22:19 arsenal-vmwarevirtualplatform kernel: registered taskstats version 1
1707555624.4911327,Feb 05 00:22:19 arsenal-vmwarevirtualplatform kernel: PM:   Magic number: 12:523:897
1707555624.494259,Feb 05 00:22:19 arsenal-vmwarevirtualplatform kernel: Write protecting the kernel read-only data: 30720k
1707555624.4959838,Feb 05 00:22:19 arsenal-vmwarevirtualplatform kernel: rodata_test: all tests were successful
1707555624.4979804,Feb 05 00:22:19 arsenal-vmwarevirtualplatform kernel:     /init
1707555624.4999263,Feb 05 00:22:19 arsenal-vmwarevirtualplatform kernel:     BOOT_IMAGE=/boot/vmlinuz-6.6-x86_64
1707555624.5023332,Feb 05 00:22:19 arsenal-vmwarevirtualplatform kernel: usb 2-1: Product: VMware Virtual USB Mouse
1707555624.504591,"Feb 05 00:22:19 arsenal-vmwarevirtualplatform kernel: usb 1-1: New USB device strings: Mfr=1, Product=2, SerialNumber=0"
1707555624.506373,Feb 05 00:22:19 arsenal-vmwarevirtualplatform kernel: input: VMware VMware Virtual USB Mouse as /devices/pci0000:00/0000:00:11.0/0000:02:00.0/usb2/2-1/2-1:1.0/0003:0E0F:0003.0001/input/input1
1707555624.5082843,Feb 05 00:22:19 arsenal-vmwarevirtualplatform kernel: usbhid: USB HID core driver
1707555624.510014,"Feb 05 00:22:19 arsenal-vmwarevirtualplatform kernel: serio: i8042 AUX port at 0x60,0x64 irq 12"
1707555624.5121756,Feb 05 00:22:19 arsenal-vmwarevirtualplatform kernel: ata_piix 0000:00:07.1: version 2.13
1707555624.5157597,Feb 05 00:22:19 arsenal-vmwarevirtualplatform kernel: ata1: PATA max UDMA/33 cmd 0x1f0 ctl 0x3f6 bmdma 0x1060 irq 14
1707555624.5175793,Feb 05 00:22:19 arsenal-vmwarevirtualplatform kernel: vmwgfx 0000:00:0f.0: [drm] FIFO at 0x00000000fe000000 size is 8192 kiB
1707555624.5194592,"Feb 05 00:22:19 arsenal-vmwarevirtualplatform kernel: vmwgfx 0000:00:0f.0: [drm] Capabilities: rect copy, cursor, cursor bypass, cursor bypass 2, 8bit emulation, alpha cursor, extended fifo, multimon, pitchlock, irq mask, display topology, gmr, traces, gmr2, screen object 2, command buffers, command buffers 2, gbobject, dx, hp cmd queue, no bb restriction, cap2 register, "
1707555624.5213232,"Feb 05 00:22:19 arsenal-vmwarevirtualplatform kernel: vmwgfx 0000:00:0f.0: [drm] Legacy memory limits: VRAM = 131072 kB, FIFO = 256 kB, surface = 0 kB"
1707555624.5229812,Feb 05 00:22:19 arsenal-vmwarevirtualplatform kernel: vmwgfx 0000:00:0f.0: [drm] Max number of GMR pages is 65536
1707555624.5246058,Feb 05 00:22:19 arsenal-vmwarevirtualplatform kernel: vmwgfx 0000:00:0f.0: [drm] Fifo max 0x00040000 min 0x00001000 cap 0x0000077f
1707555624.5261812,Feb 05 00:22:19 arsenal-vmwarevirtualplatform kernel: [drm] Initialized vmwgfx 2.20.0 20211206 for 0000:00:0f.0 on minor 0
1707555624.5311525,"Feb 05 00:22:19 arsenal-vmwarevirtualplatform kernel: usb 2-2: Manufacturer: VMware, Inc."
1707555624.539979,Feb 05 00:22:19 arsenal-vmwarevirtualplatform kernel: input: AT Translated Set 2 keyboard as /devices/platform/i8042/serio0/input/input2
1707555624.542088,Feb 05 00:22:19 arsenal-vmwarevirtualplatform kernel: sr 1:0:0:0: Attached scsi CD-ROM sr0
1707555624.5440428,"Feb 05 00:22:19 arsenal-vmwarevirtualplatform kernel: usb 2-2.1: New USB device found, idVendor=0e0f, idProduct=0008, bcdDevice= 1.00"
1707555624.5490673,Feb 05 00:22:19 arsenal-vmwarevirtualplatform kernel: usb 2-2.1: Manufacturer: VMware
1707555624.5505183,Feb 05 00:22:19 arsenal-vmwarevirtualplatform kernel: scsi target2:0:0: Domain Validation skipping write tests
1707555624.5535614,Feb 05 00:22:19 arsenal-vmwarevirtualplatform kernel: sd 2:0:0:0: [sda] Mode Sense: 61 00 00 00
1707555624.5581021,Feb 05 00:22:19 arsenal-vmwarevirtualplatform systemd[1]: Detected architecture x86-64.
1707555624.5627728,Feb 05 00:22:19 arsenal-vmwarevirtualplatform systemd[1]: Started Forward Password Requests to Wall Directory Watch.
1707555624.564342,Feb 05 00:22:19 arsenal-vmwarevirtualplatform systemd[1]: Reached target Remote File Systems.
1707555624.5675404,Feb 05 00:22:19 arsenal-vmwarevirtualplatform systemd[1]: Listening on LVM2 poll daemon socket.
1707555624.569786,Feb 05 00:22:19 arsenal-vmwarevirtualplatform systemd[1]: TPM2 PCR Extension (Varlink) was skipped because of an unmet condition check (ConditionSecurity=measured-uki).
1707555624.5716565,Feb 05 00:22:19 arsenal-vmwarevirtualplatform systemd[1]: Mounting Huge Pages File System...
1707555624.5740483,"Feb 05 00:22:19 arsenal-vmwarevirtualplatform systemd[1]: Starting Monitoring of LVM2 mirrors, snapshots etc. using dmeventd or progress polling..."
1707555624.5764093,Feb 05 00:22:19 arsenal-vmwarevirtualplatform systemd[1]: Starting Load Kernel Module fuse...
1707555624.5794291,Feb 05 00:22:19 arsenal-vmwarevirtualplatform systemd[1]: Starting Load Kernel Modules...
1707555624.581612,Feb 05 00:22:19 arsenal-vmwarevirtualplatform systemd[1]: Mounted Huge Pages File System.
1707555624.5835118,Feb 05 00:22:19 arsenal-vmwarevirtualplatform kernel: device-mapper: uevent: version 1.0.3
1707555624.585564,Feb 05 00:22:19 arsenal-vmwarevirtualplatform systemd-journald[304]: Collecting audit messages is disabled.
1707555624.5890455,Feb 05 00:22:19 arsenal-vmwarevirtualplatform systemd[1]: modprobe@dm_mod.service: Deactivated successfully.
1707555624.591427,Feb 05 00:22:19 arsenal-vmwarevirtualplatform systemd-vconsole-setup[308]: Fonts will not be copied to remaining consoles
1707555624.5935912,Feb 05 00:22:19 arsenal-vmwarevirtualplatform systemd[1]: Finished Load Kernel Module fuse.
1707555624.594993,Feb 05 00:22:19 arsenal-vmwarevirtualplatform systemd[1]: Finished Coldplug All udev Devices.
1707555624.5975413,Feb 05 00:22:19 arsenal-vmwarevirtualplatform systemd[1]: TPM2 SRK Setup was skipped because of an unmet condition check (ConditionSecurity=measured-uki).
1707555624.599786,"Feb 05 00:22:19 arsenal-vmwarevirtualplatform systemd-journald[304]: /var/log/journal/ad5fe648d6984a1684b90f6963aa496a/system.journal: Journal file uses a different sequence number ID, rotating."
1707555624.6061854,Feb 05 00:22:19 arsenal-vmwarevirtualplatform systemd[1]: Finished Flush Journal to Persistent Storage.
1707555624.60777,Feb 05 00:22:19 arsenal-vmwarevirtualplatform systemd[1]: Starting Create Static Device Nodes in /dev...
1707555624.6102982,Feb 05 00:22:19 arsenal-vmwarevirtualplatform systemd[1]: Starting Show Plymouth Boot Screen...
1707555624.6124349,"Feb 05 00:22:19 arsenal-vmwarevirtualplatform mtp-probe[398]: bus: 2, device: 2 was not an MTP device"
1707555624.6141267,Feb 05 00:22:19 arsenal-vmwarevirtualplatform systemd[1]: Reached target Swaps.
1707555624.6154938,Feb 05 00:22:19 arsenal-vmwarevirtualplatform systemd[1]: Listening on System Extension Image Management (Varlink).
1707555624.616947,Feb 05 00:22:19 arsenal-vmwarevirtualplatform systemd[1]: Update Boot Loader Random Seed was skipped because no trigger condition checks were met.
1707555624.619694,Feb 05 00:22:20 arsenal-vmwarevirtualplatform systemd[1]: Finished Tell Plymouth To Write Out Runtime Data.
1707555624.6215463,Feb 05 00:22:20 arsenal-vmwarevirtualplatform systemd[1]: First Boot Wizard was skipped because of an unmet condition check (ConditionFirstBoot=yes).
1707555624.6229205,"Feb 05 00:22:20 arsenal-vmwarevirtualplatform mtp-probe[416]: checking bus 1, device 2: ""/sys/devices/pci0000:00/0000:00:11.0/0000:02:03.0/usb1/1-1"""
1707555624.623991,Feb 05 00:22:20 arsenal-vmwarevirtualplatform systemd[1]: Starting Record System Boot/Shutdown in UTMP...
1707555624.6251261,Feb 05 00:22:20 arsenal-vmwarevirtualplatform systemd[1]: Finished Rebuild Dynamic Linker Cache.
1707555624.6270711,Feb 05 00:22:20 arsenal-vmwarevirtualplatform kernel: NET: Registered PF_BLUETOOTH protocol family
1707555624.629016,Feb 05 00:22:20 arsenal-vmwarevirtualplatform kernel: input: VirtualPS/2 VMware VMMouse as /devices/platform/i8042/serio1/input/input5
1707555624.631622,Feb 05 00:22:20 arsenal-vmwarevirtualplatform systemd[1]: Stopping Virtual Console Setup...
1707555624.6350436,Feb 05 00:22:20 arsenal-vmwarevirtualplatform systemd[1]: Starting Load Kernel Module loop...
1707555624.6367161,Feb 05 00:22:20 arsenal-vmwarevirtualplatform kernel: usb 1-1: Found UVC 1.00 device VMware Virtual USB Video Device (0e0f:000b)
1707555624.638782,Feb 05 00:22:20 arsenal-vmwarevirtualplatform systemd[1]: Started Load/Save RF Kill Switch Status.
1707555624.640324,Feb 05 00:22:20 arsenal-vmwarevirtualplatform systemd[1]: Started CUPS Scheduler.
1707555624.6416576,Feb 05 00:22:20 arsenal-vmwarevirtualplatform systemd[1]: Started Monthly clean packages cache.
1707555624.6453283,Feb 05 00:22:20 arsenal-vmwarevirtualplatform systemd[1]: Reached target Socket Units.
1707555624.6478388,Feb 05 00:22:20 arsenal-vmwarevirtualplatform bluetoothd[455]: Bluetooth daemon 5.71
1707555624.6515749,Feb 05 00:22:20 arsenal-vmwarevirtualplatform bluetoothd[455]: src/plugin.c:plugin_init() System does not support csip plugin
1707555624.6545014,Feb 05 00:22:20 arsenal-vmwarevirtualplatform polkitd[458]: Loading rules from directory /usr/share/polkit-1/rules.d
1707555624.6563337,Feb 05 00:22:20 arsenal-vmwarevirtualplatform systemd[1]: Finished Rotate log files.
1707555624.657815,Feb 05 00:22:20 arsenal-vmwarevirtualplatform systemd[1]: Starting Network Manager...
1707555624.6633425,Feb 05 00:22:20 arsenal-vmwarevirtualplatform systemd[1]: Starting Hostname Service...
1707555624.6658185,Feb 05 00:22:20 arsenal-vmwarevirtualplatform NetworkManager[485]: <info>  [1707072740.6293] hostname: hostname: using hostnamed
1707555624.6710994,Feb 05 00:22:20 arsenal-vmwarevirtualplatform NetworkManager[485]: <info>  [1707072740.6309] manager[0x555a460f7ae0]: rfkill: Wi-Fi hardware radio set enabled
1707555624.6753101,Feb 05 00:22:20 arsenal-vmwarevirtualplatform NetworkManager[485]: <info>  [1707072740.6799] Loaded device plugin: NMWwanFactory (/usr/lib/NetworkManager/1.44.2-3/libnm-device-plugin-wwan.so)
1707555624.6784708,Feb 05 00:22:20 arsenal-vmwarevirtualplatform NetworkManager[485]: <info>  [1707072740.6890] manager: rfkill: WWAN enabled by radio killswitch; enabled by state file
1707555624.6824534,"Feb 05 00:22:20 arsenal-vmwarevirtualplatform NetworkManager[485]: <info>  [1707072740.6939] device (lo): state change: unavailable -> disconnected (reason 'connection-assumed', sys-iface-state: 'external')"
1707555624.6859293,"Feb 05 00:22:20 arsenal-vmwarevirtualplatform NetworkManager[485]: <info>  [1707072740.7021] bus-manager: acquired D-Bus service ""org.freedesktop.NetworkManager"""
1707555624.6890519,"Feb 05 00:22:20 arsenal-vmwarevirtualplatform NetworkManager[485]: <info>  [1707072740.7059] device (ens33): state change: unavailable -> disconnected (reason 'carrier-changed', sys-iface-state: 'managed')"
1707555624.6901832,"Feb 05 00:22:20 arsenal-vmwarevirtualplatform NetworkManager[485]: <info>  [1707072740.7078] device (ens33): state change: config -> ip-config (reason 'none', sys-iface-state: 'managed')"
1707555624.6913579,Feb 05 00:22:20 arsenal-vmwarevirtualplatform systemd[1]: Starting Network Manager Script Dispatcher Service...
1707555624.6925576,Feb 05 00:22:20 arsenal-vmwarevirtualplatform systemd[1]: Starting Network Manager Wait Online...
1707555624.6936238,Feb 05 00:22:20 arsenal-vmwarevirtualplatform dbus-daemon[456]: [system] Successfully activated service 'org.freedesktop.nm_dispatcher'
1707555624.6949368,Feb 05 00:22:20 arsenal-vmwarevirtualplatform NetworkManager[485]: <info>  [1707072740.7335] manager: NetworkManager state is now CONNECTED_SITE
1707555624.6961298,Feb 05 00:22:20 arsenal-vmwarevirtualplatform systemd[1]: Starting Hold until boot process finishes up...
1707555624.6974132,Feb 05 00:22:20 arsenal-vmwarevirtualplatform systemd[1]: Starting Refresh pacman files databases...
1707555624.6987143,Feb 05 00:22:21 arsenal-vmwarevirtualplatform NetworkManager[485]: <info>  [1707072741.1116] manager: NetworkManager state is now CONNECTED_GLOBAL
1707555624.6999454,Feb 05 00:22:21 arsenal-vmwarevirtualplatform systemd[1]: Reached target Sound Card.
1707555624.7012064,Feb 05 00:22:23 arsenal-vmwarevirtualplatform systemd[1]: Started Open Virtual Machine Tools (VMware Tools).
1707555624.7028224,Feb 05 00:22:23 arsenal-vmwarevirtualplatform kernel: NET: Registered PF_VSOCK protocol family
1707555624.7041972,"Feb 05 00:22:23 arsenal-vmwarevirtualplatform sddm[529]: Xauthority path: ""/run/sddm/xauth_xkLCiF"""
1707555624.7054908,"Feb 05 00:22:24 arsenal-vmwarevirtualplatform sddm[529]: Running display setup script  ""/usr/share/sddm/scripts/Xsetup"""
1707555624.706609,Feb 05 00:22:24 arsenal-vmwarevirtualplatform sddm-helper[577]: [PAM] Authenticating...
1707555624.7077599,"Feb 05 00:22:24 arsenal-vmwarevirtualplatform sddm-helper[577]: pam_kwallet5(sddm-autologin:auth): pam_kwallet5: Empty or missing password, doing nothing"
1707555624.7089179,Feb 05 00:22:24 arsenal-vmwarevirtualplatform dbus-daemon[456]: [system] Activation via systemd failed for unit 'dbus-org.freedesktop.home1.service': Unit dbus-org.freedesktop.home1.service not found.
1707555624.7103257,Feb 05 00:22:24 arsenal-vmwarevirtualplatform systemd[1]: Starting User Manager for UID 1000...
1707555624.7114186,"Feb 05 00:22:25 arsenal-vmwarevirtualplatform systemd-journald[304]: /var/log/journal/ad5fe648d6984a1684b90f6963aa496a/user-1000.journal: Journal file uses a different sequence number ID, rotating."
1707555624.714069,Feb 05 00:22:25 arsenal-vmwarevirtualplatform systemd[581]: Listening on GnuPG network certificate management daemon.
1707555624.7166438,Feb 05 00:22:25 arsenal-vmwarevirtualplatform systemd[581]: Listening on PipeWire PulseAudio.
1707555624.720042,"Feb 05 00:22:25 arsenal-vmwarevirtualplatform sddm-helper[577]: Writing cookie to ""/tmp/xauth_FVlxAQ"""
1707555624.7216926,Feb 05 00:22:25 arsenal-vmwarevirtualplatform systemd[581]: Started D-Bus User Message Bus.
1707555624.723136,Feb 05 00:22:25 arsenal-vmwarevirtualplatform systemd[581]: Created slice User Background Tasks Slice.
1707555624.7246623,"Feb 05 00:22:25 arsenal-vmwarevirtualplatform dbus-daemon[604]: [session uid=1000 pid=604] Activating via systemd: service name='org.freedesktop.impl.portal.PermissionStore' unit='xdg-permission-store.service' requested by ':1.8' (uid=1000 pid=653 comm=""/usr/lib/xdg-document-portal"")"
1707555624.727984,Feb 05 00:22:26 arsenal-vmwarevirtualplatform systemd[1]: Starting RealtimeKit Scheduling Policy Service...
1707555624.729685,Feb 05 00:22:26 arsenal-vmwarevirtualplatform rtkit-daemon[677]: Watchdog thread running.
1707555624.7313492,Feb 05 00:22:26 arsenal-vmwarevirtualplatform udisksd[675]: Acquired the name org.freedesktop.UDisks2 on the system message bus
1707555624.732811,Feb 05 00:22:26 arsenal-vmwarevirtualplatform systemd[581]: Starting KDE Window Manager...
1707555624.7347627,Feb 05 00:22:26 arsenal-vmwarevirtualplatform ksmserver[688]: MESA: error: ZINK: vkCreateInstance failed (VK_ERROR_INCOMPATIBLE_DRIVER)
1707555624.7387288,Feb 05 00:22:26 arsenal-vmwarevirtualplatform kwin_x11[691]: failed to load driver: zink
1707555624.7402778,Feb 05 00:22:26 arsenal-vmwarevirtualplatform ksplashqml[608]: file:///usr/share/plasma/look-and-feel/org.manjaro.breath.desktop/contents/splash/Splash.qml:49: ReferenceError: maxWidth is not defined
1707555624.7421541,"Feb 05 00:22:26 arsenal-vmwarevirtualplatform NetworkManager[485]: <info>  [1707072746.5818] agent-manager: agent[4bc42443361fdcae,:1.23/org.kde.plasma.networkmanagement/1000]: agent registered"
1707555624.743568,Feb 05 00:22:26 arsenal-vmwarevirtualplatform kwin_x11[691]: OpenGL version string:                  4.5 (Compatibility Profile) Mesa 23.3.3-manjaro1.1
1707555624.7447124,Feb 05 00:22:26 arsenal-vmwarevirtualplatform kwin_x11[691]: GLSL shaders:                           yes
1707555624.7461004,"Feb 05 00:22:26 arsenal-vmwarevirtualplatform dbus-daemon[604]: [session uid=1000 pid=604] Activating via systemd: service name='org.kde.ActivityManager' unit='plasma-kactivitymanagerd.service' requested by ':1.16' (uid=1000 pid=762 comm=""/usr/bin/plasmashell --no-respawn"")"
1707555624.7474372,Feb 05 00:22:26 arsenal-vmwarevirtualplatform systemd[581]: Started Handle legacy xembed system tray icons.
1707555624.750754,"Feb 05 00:22:27 arsenal-vmwarevirtualplatform kded5[690]: Imported file ""/usr/share/khotkeys/kde32b1.khotkeys"""
1707555624.7526221,Feb 05 00:22:27 arsenal-vmwarevirtualplatform xdg-desktop-portal-kde[817]: MESA: error: ZINK: vkCreateInstance failed (VK_ERROR_INCOMPATIBLE_DRIVER)
1707555624.7539258,Feb 05 00:22:27 arsenal-vmwarevirtualplatform dbus-daemon[604]: [session uid=1000 pid=604] Successfully activated service 'org.kde.ActivityManager'
1707555624.755356,Feb 05 00:22:27 arsenal-vmwarevirtualplatform systemd[581]: Started KDE PolicyKit Authentication Agent.
1707555624.7568626,"Feb 05 00:22:27 arsenal-vmwarevirtualplatform dbus-daemon[456]: [system] Activating service name='org.kde.powerdevil.backlighthelper' requested by ':1.25' (uid=1000 pid=815 comm=""/usr/lib/org_kde_powerdevil"") (using servicehelper)"
1707555624.7583966,Feb 05 00:22:27 arsenal-vmwarevirtualplatform kscreen_backend_launcher[879]: kscreen.xcb.helper: Event Base:  89
1707555624.7600687,Feb 05 00:22:27 arsenal-vmwarevirtualplatform kscreen_backend_launcher[879]: kscreen.xrandr:         Output 70 
1707555624.7630675,Feb 05 00:22:27 arsenal-vmwarevirtualplatform kscreen_backend_launcher[879]: kscreen.xrandr: RRSetOutputPrimary 
1707555624.766804,                                                                                      New priority: 0
1707555624.7733562,                                                                                      New priority: 0
1707555624.7759798,Feb 05 00:22:27 arsenal-vmwarevirtualplatform kscreen_backend_launcher[879]: kscreen.xcb.helper:         Output:  70
1707555624.778533,Feb 05 00:22:27 arsenal-vmwarevirtualplatform systemd[581]: Started PipeWire Multimedia Service.
1707555624.7825034,"Feb 05 00:22:27 arsenal-vmwarevirtualplatform dbus-daemon[456]: [system] Activating via systemd: service name='net.hadess.PowerProfiles' unit='power-profiles-daemon.service' requested by ':1.19' (uid=1000 pid=647 comm=""/usr/lib/xdg-desktop-portal"")"
1707555624.7865,Feb 05 00:22:27 arsenal-vmwarevirtualplatform rtkit-daemon[677]: Supervising 2 threads of 1 processes of 1 users.
1707555624.7893915,Feb 05 00:22:27 arsenal-vmwarevirtualplatform rtkit-daemon[677]: Supervising 3 threads of 2 processes of 1 users.
1707555624.7940621,Feb 05 00:22:28 arsenal-vmwarevirtualplatform pipewire[907]: [0:00:12.521922397] [907]  INFO Camera camera_manager.cpp:284 libcamera v0.1.0
1707555624.7970042,Feb 05 00:22:28 arsenal-vmwarevirtualplatform systemd[581]: Starting Accessibility...
1707555624.7999182,Feb 05 00:22:28 arsenal-vmwarevirtualplatform systemd[581]: Starting Update Notifier...
